Build started 24/07/2026 23:03:50.
     1>Project "/Users/phmatray/Repositories/Atypical-Consulting/public/x402-dotnet/tests/X402.Core.Tests/X402.Core.Tests.csproj" on node 1 (Restore target(s)).
     1>_GetAllRestoreProjectPathItems:
         Determining projects to restore...
     1>Project "/Users/phmatray/Repositories/Atypical-Consulting/public/x402-dotnet/tests/X402.Core.Tests/X402.Core.Tests.csproj" (1) is building "/Users/phmatray/Repositories/Atypical-Consulting/public/x402-dotnet/src/X402.Core/X402.Core.csproj" (2:4) on node 1 (_GenerateProjectRestoreGraph target(s)).
     2>AddPrunePackageReferences:
         Loading prune package data from PrunePackageData folder
         Failed to load prune package data from PrunePackageData folder, loading from targeting packs instead
         Looking for targeting packs in /opt/homebrew/Cellar/dotnet/10.0.301/libexec/packs/Microsoft.NETCore.App.Ref
         Pack directories found: /opt/homebrew/Cellar/dotnet/10.0.301/libexec/packs/Microsoft.NETCore.App.Ref/10.0.9
         Found package overrides file /opt/homebrew/Cellar/dotnet/10.0.301/libexec/packs/Microsoft.NETCore.App.Ref/10.0.9/data/PackageOverrides.txt
     2>Done Building Project "/Users/phmatray/Repositories/Atypical-Consulting/public/x402-dotnet/src/X402.Core/X402.Core.csproj" (_GenerateProjectRestoreGraph target(s)).
     1>Restore:
         X.509 certificate chain validation will use the fallback certificate bundle at '/opt/homebrew/Cellar/dotnet/10.0.301/libexec/sdk/10.0.301/trustedroots/codesignctl.pem'.
         X.509 certificate chain validation will use the fallback certificate bundle at '/opt/homebrew/Cellar/dotnet/10.0.301/libexec/sdk/10.0.301/trustedroots/timestampctl.pem'.
         Assets file has not changed. Skipping assets file writing. Path: /Users/phmatray/Repositories/Atypical-Consulting/public/x402-dotnet/tests/X402.Core.Tests/obj/project.assets.json
         Assets file has not changed. Skipping assets file writing. Path: /Users/phmatray/Repositories/Atypical-Consulting/public/x402-dotnet/src/X402.Core/obj/project.assets.json
         Restored /Users/phmatray/Repositories/Atypical-Consulting/public/x402-dotnet/tests/X402.Core.Tests/X402.Core.Tests.csproj (in 16 ms).
         Restored /Users/phmatray/Repositories/Atypical-Consulting/public/x402-dotnet/src/X402.Core/X402.Core.csproj (in 16 ms).
         
         NuGet Config files used:
             /Users/phmatray/.nuget/NuGet/NuGet.Config
             /Users/phmatray/.nuget/NuGet/config/Godot.Offline.Config
         
         Feeds used:
             https://api.nuget.org/v3/index.json
             /Users/phmatray/Repositories/dotnet/Filament/artifacts/nuget
             /opt/homebrew/Cellar/dotnet/10.0.301/libexec/library-packs
         All projects are up-to-date for restore.
     1>Done Building Project "/Users/phmatray/Repositories/Atypical-Consulting/public/x402-dotnet/tests/X402.Core.Tests/X402.Core.Tests.csproj" (Restore target(s)).
   1:7>Project "/Users/phmatray/Repositories/Atypical-Consulting/public/x402-dotnet/tests/X402.Core.Tests/X402.Core.Tests.csproj" on node 1 (VSTest target(s)).
     1>BuildProject:
         Build started, please wait...
   1:7>Project "/Users/phmatray/Repositories/Atypical-Consulting/public/x402-dotnet/tests/X402.Core.Tests/X402.Core.Tests.csproj" (1:7) is building "/Users/phmatray/Repositories/Atypical-Consulting/public/x402-dotnet/tests/X402.Core.Tests/X402.Core.Tests.csproj" (1:8) on node 1 (default targets).
   1:8>Project "/Users/phmatray/Repositories/Atypical-Consulting/public/x402-dotnet/tests/X402.Core.Tests/X402.Core.Tests.csproj" (1:8) is building "/Users/phmatray/Repositories/Atypical-Consulting/public/x402-dotnet/src/X402.Core/X402.Core.csproj" (2:6) on node 1 (default targets).
     2>GenerateTargetFrameworkMonikerAttribute:
       Skipping target "GenerateTargetFrameworkMonikerAttribute" because all output files are up-to-date with respect to the input files.
       _GenerateSourceLinkFile:
         Updating Source Link file 'obj/Debug/net10.0/X402.Core.sourcelink.json'.
       CoreCompile:
         Setting DOTNET_ROOT to '/opt/homebrew/Cellar/dotnet/10.0.301/libexec'
         /opt/homebrew/Cellar/dotnet/10.0.301/libexec/sdk/10.0.301/Roslyn/bincore/csc /noconfig /unsafe- /checked- /nowarn:1701,1702,1701,1702,8002 /fullpaths /nostdlib+ /errorreport:prompt /warn:10 /doc:obj/Debug/net10.0/X402.Core.xml /define:TRACE;DEBUG;NET;NET10_0;NETCOREAPP;NET5_0_OR_GREATER;NET6_0_OR_GREATER;NET7_0_OR_GREATER;NET8_0_OR_GREATER;NET9_0_OR_GREATER;NET10_0_OR_GREATER;NETCOREAPP1_0_OR_GREATER;NETCOREAPP1_1_OR_GREATER;NETCOREAPP2_0_OR_GREATER;NETCOREAPP2_1_OR_GREATER;NETCOREAPP2_2_OR_GREATER;NETCOREAPP3_0_OR_GREATER;NETCOREAPP3_1_OR_GREATER /highentropyva+ /nullable:enable /reference:/Users/phmatray/.dotnet/packs/Microsoft.NETCore.App.Ref/10.0.9/ref/net10.0/Microsoft.CSharp.dll /reference:/Users/phmatray/.nuget/packages/microsoft.extensions.dependencyinjection.abstractions/10.0.10/lib/net10.0/Microsoft.Extensions.DependencyInjection.Abstractions.dll /reference:/Users/phmatray/.nuget/packages/microsoft.extensions.logging.abstractions/10.0.10/lib/net10.0/Microsoft.Extensions.Logging.Abstractions.dll /reference:/Users/phmatray/.dotnet/packs/Microsoft.NETCore.App.Ref/10.0.9/ref/net10.0/Microsoft.VisualBasic.Core.dll /reference:/Users/phmatray/.dotnet/packs/Microsoft.NETCore.App.Ref/10.0.9/ref/net10.0/Microsoft.VisualBasic.dll /reference:/Users/phmatray/.dotnet/packs/Microsoft.NETCore.App.Ref/10.0.9/ref/net10.0/Microsoft.Win32.Primitives.dll /reference:/Users/phmatray/.dotnet/packs/Microsoft.NETCore.App.Ref/10.0.9/ref/net10.0/Microsoft.Win32.Registry.dll /reference:/Users/phmatray/.dotnet/packs/Microsoft.NETCore.App.Ref/10.0.9/ref/net10.0/mscorlib.dll /reference:/Users/phmatray/.dotnet/packs/Microsoft.NETCore.App.Ref/10.0.9/ref/net10.0/netstandard.dll /reference:/Users/phmatray/.dotnet/packs/Microsoft.NETCore.App.Ref/10.0.9/ref/net10.0/System.AppContext.dll /reference:/Users/phmatray/.dotnet/packs/Microsoft.NETCore.App.Ref/10.0.9/ref/net10.0/System.Buffers.dll /reference:/Users/phmatray/.dotnet/packs/Microsoft.NETCore.App.Ref/10.0.9/ref/net10.0/System.Collections.Concurrent.dll /reference:/Users/phmatray/.dotnet/packs/Microsoft.NETCore.App.Ref/10.0.9/ref/net10.0/System.Collections.dll /reference:/Users/phmatray/.dotnet/packs/Microsoft.NETCore.App.Ref/10.0.9/ref/net10.0/System.Collections.Immutable.dll /reference:/Users/phmatray/.dotnet/packs/Microsoft.NETCore.App.Ref/10.0.9/ref/net10.0/System.Collections.NonGeneric.dll /reference:/Users/phmatray/.dotnet/packs/Microsoft.NETCore.App.Ref/10.0.9/ref/net10.0/System.Collections.Specialized.dll /reference:/Users/phmatray/.dotnet/packs/Microsoft.NETCore.App.Ref/10.0.9/ref/net10.0/System.ComponentModel.Annotations.dll /reference:/Users/phmatray/.dotnet/packs/Microsoft.NETCore.App.Ref/10.0.9/ref/net10.0/System.ComponentModel.DataAnnotations.dll /reference:/Users/phmatray/.dotnet/packs/Microsoft.NETCore.App.Ref/10.0.9/ref/net10.0/System.ComponentModel.dll /reference:/Users/phmatray/.dotnet/packs/Microsoft.NETCore.App.Ref/10.0.9/ref/net10.0/System.ComponentModel.EventBasedAsync.dll /reference:/Users/phmatray/.dotnet/packs/Microsoft.NETCore.App.Ref/10.0.9/ref/net10.0/System.ComponentModel.Primitives.dll /reference:/Users/phmatray/.dotnet/packs/Microsoft.NETCore.App.Ref/10.0.9/ref/net10.0/System.ComponentModel.TypeConverter.dll /reference:/Users/phmatray/.dotnet/packs/Microsoft.NETCore.App.Ref/10.0.9/ref/net10.0/System.Configuration.dll /reference:/Users/phmatray/.dotnet/packs/Microsoft.NETCore.App.Ref/10.0.9/ref/net10.0/System.Console.dll /reference:/Users/phmatray/.dotnet/packs/Microsoft.NETCore.App.Ref/10.0.9/ref/net10.0/System.Core.dll /reference:/Users/phmatray/.dotnet/packs/Microsoft.NETCore.App.Ref/10.0.9/ref/net10.0/System.Data.Common.dll /reference:/Users/phmatray/.dotnet/packs/Microsoft.NETCore.App.Ref/10.0.9/ref/net10.0/System.Data.DataSetExtensions.dll /reference:/Users/phmatray/.dotnet/packs/Microsoft.NETCore.App.Ref/10.0.9/ref/net10.0/System.Data.dll /reference:/Users/phmatray/.dotnet/packs/Microsoft.NETCore.App.Ref/10.0.9/ref/net10.0/System.Diagnostics.Contracts.dll /reference:/Users/phmatray/.dotnet/packs/Microsoft.NETCore.App.Ref/10.0.9/ref/net10.0/System.Diagnostics.Debug.dll /reference:/Users/phmatray/.dotnet/packs/Microsoft.NETCore.App.Ref/10.0.9/ref/net10.0/System.Diagnostics.DiagnosticSource.dll /reference:/Users/phmatray/.dotnet/packs/Microsoft.NETCore.App.Ref/10.0.9/ref/net10.0/System.Diagnostics.FileVersionInfo.dll /reference:/Users/phmatray/.dotnet/packs/Microsoft.NETCore.App.Ref/10.0.9/ref/net10.0/System.Diagnostics.Process.dll /reference:/Users/phmatray/.dotnet/packs/Microsoft.NETCore.App.Ref/10.0.9/ref/net10.0/System.Diagnostics.StackTrace.dll /reference:/Users/phmatray/.dotnet/packs/Microsoft.NETCore.App.Ref/10.0.9/ref/net10.0/System.Diagnostics.TextWriterTraceListener.dll /reference:/Users/phmatray/.dotnet/packs/Microsoft.NETCore.App.Ref/10.0.9/ref/net10.0/System.Diagnostics.Tools.dll /reference:/Users/phmatray/.dotnet/packs/Microsoft.NETCore.App.Ref/10.0.9/ref/net10.0/System.Diagnostics.TraceSource.dll /reference:/Users/phmatray/.dotnet/packs/Microsoft.NETCore.App.Ref/10.0.9/ref/net10.0/System.Diagnostics.Tracing.dll /reference:/Users/phmatray/.dotnet/packs/Microsoft.NETCore.App.Ref/10.0.9/ref/net10.0/System.dll /reference:/Users/phmatray/.dotnet/packs/Microsoft.NETCore.App.Ref/10.0.9/ref/net10.0/System.Drawing.dll /reference:/Users/phmatray/.dotnet/packs/Microsoft.NETCore.App.Ref/10.0.9/ref/net10.0/System.Drawing.Primitives.dll /reference:/Users/phmatray/.dotnet/packs/Microsoft.NETCore.App.Ref/10.0.9/ref/net10.0/System.Dynamic.Runtime.dll /reference:/Users/phmatray/.dotnet/packs/Microsoft.NETCore.App.Ref/10.0.9/ref/net10.0/System.Formats.Asn1.dll /reference:/Users/phmatray/.dotnet/packs/Microsoft.NETCore.App.Ref/10.0.9/ref/net10.0/System.Formats.Tar.dll /reference:/Users/phmatray/.dotnet/packs/Microsoft.NETCore.App.Ref/10.0.9/ref/net10.0/System.Globalization.Calendars.dll /reference:/Users/phmatray/.dotnet/packs/Microsoft.NETCore.App.Ref/10.0.9/ref/net10.0/System.Globalization.dll /reference:/Users/phmatray/.dotnet/packs/Microsoft.NETCore.App.Ref/10.0.9/ref/net10.0/System.Globalization.Extensions.dll /reference:/Users/phmatray/.dotnet/packs/Microsoft.NETCore.App.Ref/10.0.9/ref/net10.0/System.IO.Compression.Brotli.dll /reference:/Users/phmatray/.dotnet/packs/Microsoft.NETCore.App.Ref/10.0.9/ref/net10.0/System.IO.Compression.dll /reference:/Users/phmatray/.dotnet/packs/Microsoft.NETCore.App.Ref/10.0.9/ref/net10.0/System.IO.Compression.FileSystem.dll /reference:/Users/phmatray/.dotnet/packs/Microsoft.NETCore.App.Ref/10.0.9/ref/net10.0/System.IO.Compression.ZipFile.dll /reference:/Users/phmatray/.dotnet/packs/Microsoft.NETCore.App.Ref/10.0.9/ref/net10.0/System.IO.dll /reference:/Users/phmatray/.dotnet/packs/Microsoft.NETCore.App.Ref/10.0.9/ref/net10.0/System.IO.FileSystem.AccessControl.dll /reference:/Users/phmatray/.dotnet/packs/Microsoft.NETCore.App.Ref/10.0.9/ref/net10.0/System.IO.FileSystem.dll /reference:/Users/phmatray/.dotnet/packs/Microsoft.NETCore.App.Ref/10.0.9/ref/net10.0/System.IO.FileSystem.DriveInfo.dll /reference:/Users/phmatray/.dotnet/packs/Microsoft.NETCore.App.Ref/10.0.9/ref/net10.0/System.IO.FileSystem.Primitives.dll /reference:/Users/phmatray/.dotnet/packs/Microsoft.NETCore.App.Ref/10.0.9/ref/net10.0/System.IO.FileSystem.Watcher.dll /reference:/Users/phmatray/.dotnet/packs/Microsoft.NETCore.App.Ref/10.0.9/ref/net10.0/System.IO.IsolatedStorage.dll /reference:/Users/phmatray/.dotnet/packs/Microsoft.NETCore.App.Ref/10.0.9/ref/net10.0/System.IO.MemoryMappedFiles.dll /reference:/Users/phmatray/.dotnet/packs/Microsoft.NETCore.App.Ref/10.0.9/ref/net10.0/System.IO.Pipelines.dll /reference:/Users/phmatray/.dotnet/packs/Microsoft.NETCore.App.Ref/10.0.9/ref/net10.0/System.IO.Pipes.AccessControl.dll /reference:/Users/phmatray/.dotnet/packs/Microsoft.NETCore.App.Ref/10.0.9/ref/net10.0/System.IO.Pipes.dll /reference:/Users/phmatray/.dotnet/packs/Microsoft.NETCore.App.Ref/10.0.9/ref/net10.0/System.IO.UnmanagedMemoryStream.dll /reference:/Users/phmatray/.dotnet/packs/Microsoft.NETCore.App.Ref/10.0.9/ref/net10.0/System.Linq.AsyncEnumerable.dll /reference:/Users/phmatray/.dotnet/packs/Microsoft.NETCore.App.Ref/10.0.9/ref/net10.0/System.Linq.dll /reference:/Users/phmatray/.dotnet/packs/Microsoft.NETCore.App.Ref/10.0.9/ref/net10.0/System.Linq.Expressions.dll /reference:/Users/phmatray/.dotnet/packs/Microsoft.NETCore.App.Ref/10.0.9/ref/net10.0/System.Linq.Parallel.dll /reference:/Users/phmatray/.dotnet/packs/Microsoft.NETCore.App.Ref/10.0.9/ref/net10.0/System.Linq.Queryable.dll /reference:/Users/phmatray/.dotnet/packs/Microsoft.NETCore.App.Ref/10.0.9/ref/net10.0/System.Memory.dll /reference:/Users/phmatray/.dotnet/packs/Microsoft.NETCore.App.Ref/10.0.9/ref/net10.0/System.Net.dll /reference:/Users/phmatray/.dotnet/packs/Microsoft.NETCore.App.Ref/10.0.9/ref/net10.0/System.Net.Http.dll /reference:/Users/phmatray/.dotnet/packs/Microsoft.NETCore.App.Ref/10.0.9/ref/net10.0/System.Net.Http.Json.dll /reference:/Users/phmatray/.dotnet/packs/Microsoft.NETCore.App.Ref/10.0.9/ref/net10.0/System.Net.HttpListener.dll /reference:/Users/phmatray/.dotnet/packs/Microsoft.NETCore.App.Ref/10.0.9/ref/net10.0/System.Net.Mail.dll /reference:/Users/phmatray/.dotnet/packs/Microsoft.NETCore.App.Ref/10.0.9/ref/net10.0/System.Net.NameResolution.dll /reference:/Users/phmatray/.dotnet/packs/Microsoft.NETCore.App.Ref/10.0.9/ref/net10.0/System.Net.NetworkInformation.dll /reference:/Users/phmatray/.dotnet/packs/Microsoft.NETCore.App.Ref/10.0.9/ref/net10.0/System.Net.Ping.dll /reference:/Users/phmatray/.dotnet/packs/Microsoft.NETCore.App.Ref/10.0.9/ref/net10.0/System.Net.Primitives.dll /reference:/Users/phmatray/.dotnet/packs/Microsoft.NETCore.App.Ref/10.0.9/ref/net10.0/System.Net.Quic.dll /reference:/Users/phmatray/.dotnet/packs/Microsoft.NETCore.App.Ref/10.0.9/ref/net10.0/System.Net.Requests.dll /reference:/Users/phmatray/.dotnet/packs/Microsoft.NETCore.App.Ref/10.0.9/ref/net10.0/System.Net.Security.dll /reference:/Users/phmatray/.dotnet/packs/Microsoft.NETCore.App.Ref/10.0.9/ref/net10.0/System.Net.ServerSentEvents.dll /reference:/Users/phmatray/.dotnet/packs/Microsoft.NETCore.App.Ref/10.0.9/ref/net10.0/System.Net.ServicePoint.dll /reference:/Users/phmatray/.dotnet/packs/Microsoft.NETCore.App.Ref/10.0.9/ref/net10.0/System.Net.Sockets.dll /reference:/Users/phmatray/.dotnet/packs/Microsoft.NETCore.App.Ref/10.0.9/ref/net10.0/System.Net.WebClient.dll /reference:/Users/phmatray/.dotnet/packs/Microsoft.NETCore.App.Ref/10.0.9/ref/net10.0/System.Net.WebHeaderCollection.dll /reference:/Users/phmatray/.dotnet/packs/Microsoft.NETCore.App.Ref/10.0.9/ref/net10.0/System.Net.WebProxy.dll /reference:/Users/phmatray/.dotnet/packs/Microsoft.NETCore.App.Ref/10.0.9/ref/net10.0/System.Net.WebSockets.Client.dll /reference:/Users/phmatray/.dotnet/packs/Microsoft.NETCore.App.Ref/10.0.9/ref/net10.0/System.Net.WebSockets.dll /reference:/Users/phmatray/.dotnet/packs/Microsoft.NETCore.App.Ref/10.0.9/ref/net10.0/System.Numerics.dll /reference:/Users/phmatray/.dotnet/packs/Microsoft.NETCore.App.Ref/10.0.9/ref/net10.0/System.Numerics.Vectors.dll /reference:/Users/phmatray/.dotnet/packs/Microsoft.NETCore.App.Ref/10.0.9/ref/net10.0/System.ObjectModel.dll /reference:/Users/phmatray/.dotnet/packs/Microsoft.NETCore.App.Ref/10.0.9/ref/net10.0/System.Reflection.DispatchProxy.dll /reference:/Users/phmatray/.dotnet/packs/Microsoft.NETCore.App.Ref/10.0.9/ref/net10.0/System.Reflection.dll /reference:/Users/phmatray/.dotnet/packs/Microsoft.NETCore.App.Ref/10.0.9/ref/net10.0/System.Reflection.Emit.dll /reference:/Users/phmatray/.dotnet/packs/Microsoft.NETCore.App.Ref/10.0.9/ref/net10.0/System.Reflection.Emit.ILGeneration.dll /reference:/Users/phmatray/.dotnet/packs/Microsoft.NETCore.App.Ref/10.0.9/ref/net10.0/System.Reflection.Emit.Lightweight.dll /reference:/Users/phmatray/.dotnet/packs/Microsoft.NETCore.App.Ref/10.0.9/ref/net10.0/System.Reflection.Extensions.dll /reference:/Users/phmatray/.dotnet/packs/Microsoft.NETCore.App.Ref/10.0.9/ref/net10.0/System.Reflection.Metadata.dll /reference:/Users/phmatray/.dotnet/packs/Microsoft.NETCore.App.Ref/10.0.9/ref/net10.0/System.Reflection.Primitives.dll /reference:/Users/phmatray/.dotnet/packs/Microsoft.NETCore.App.Ref/10.0.9/ref/net10.0/System.Reflection.TypeExtensions.dll /reference:/Users/phmatray/.dotnet/packs/Microsoft.NETCore.App.Ref/10.0.9/ref/net10.0/System.Resources.Reader.dll /reference:/Users/phmatray/.dotnet/packs/Microsoft.NETCore.App.Ref/10.0.9/ref/net10.0/System.Resources.ResourceManager.dll /reference:/Users/phmatray/.dotnet/packs/Microsoft.NETCore.App.Ref/10.0.9/ref/net10.0/System.Resources.Writer.dll /reference:/Users/phmatray/.dotnet/packs/Microsoft.NETCore.App.Ref/10.0.9/ref/net10.0/System.Runtime.CompilerServices.Unsafe.dll /reference:/Users/phmatray/.dotnet/packs/Microsoft.NETCore.App.Ref/10.0.9/ref/net10.0/System.Runtime.CompilerServices.VisualC.dll /reference:/Users/phmatray/.dotnet/packs/Microsoft.NETCore.App.Ref/10.0.9/ref/net10.0/System.Runtime.dll /reference:/Users/phmatray/.dotnet/packs/Microsoft.NETCore.App.Ref/10.0.9/ref/net10.0/System.Runtime.Extensions.dll /reference:/Users/phmatray/.dotnet/packs/Microsoft.NETCore.App.Ref/10.0.9/ref/net10.0/System.Runtime.Handles.dll /reference:/Users/phmatray/.dotnet/packs/Microsoft.NETCore.App.Ref/10.0.9/ref/net10.0/System.Runtime.InteropServices.dll /reference:/Users/phmatray/.dotnet/packs/Microsoft.NETCore.App.Ref/10.0.9/ref/net10.0/System.Runtime.InteropServices.JavaScript.dll /reference:/Users/phmatray/.dotnet/packs/Microsoft.NETCore.App.Ref/10.0.9/ref/net10.0/System.Runtime.InteropServices.RuntimeInformation.dll /reference:/Users/phmatray/.dotnet/packs/Microsoft.NETCore.App.Ref/10.0.9/ref/net10.0/System.Runtime.Intrinsics.dll /reference:/Users/phmatray/.dotnet/packs/Microsoft.NETCore.App.Ref/10.0.9/ref/net10.0/System.Runtime.Loader.dll /reference:/Users/phmatray/.dotnet/packs/Microsoft.NETCore.App.Ref/10.0.9/ref/net10.0/System.Runtime.Numerics.dll /reference:/Users/phmatray/.dotnet/packs/Microsoft.NETCore.App.Ref/10.0.9/ref/net10.0/System.Runtime.Serialization.dll /reference:/Users/phmatray/.dotnet/packs/Microsoft.NETCore.App.Ref/10.0.9/ref/net10.0/System.Runtime.Serialization.Formatters.dll /reference:/Users/phmatray/.dotnet/packs/Microsoft.NETCore.App.Ref/10.0.9/ref/net10.0/System.Runtime.Serialization.Json.dll /reference:/Users/phmatray/.dotnet/packs/Microsoft.NETCore.App.Ref/10.0.9/ref/net10.0/System.Runtime.Serialization.Primitives.dll /reference:/Users/phmatray/.dotnet/packs/Microsoft.NETCore.App.Ref/10.0.9/ref/net10.0/System.Runtime.Serialization.Xml.dll /reference:/Users/phmatray/.dotnet/packs/Microsoft.NETCore.App.Ref/10.0.9/ref/net10.0/System.Security.AccessControl.dll /reference:/Users/phmatray/.dotnet/packs/Microsoft.NETCore.App.Ref/10.0.9/ref/net10.0/System.Security.Claims.dll /reference:/Users/phmatray/.dotnet/packs/Microsoft.NETCore.App.Ref/10.0.9/ref/net10.0/System.Security.Cryptography.Algorithms.dll /reference:/Users/phmatray/.dotnet/packs/Microsoft.NETCore.App.Ref/10.0.9/ref/net10.0/System.Security.Cryptography.Cng.dll /reference:/Users/phmatray/.dotnet/packs/Microsoft.NETCore.App.Ref/10.0.9/ref/net10.0/System.Security.Cryptography.Csp.dll /reference:/Users/phmatray/.dotnet/packs/Microsoft.NETCore.App.Ref/10.0.9/ref/net10.0/System.Security.Cryptography.dll /reference:/Users/phmatray/.dotnet/packs/Microsoft.NETCore.App.Ref/10.0.9/ref/net10.0/System.Security.Cryptography.Encoding.dll /reference:/Users/phmatray/.dotnet/packs/Microsoft.NETCore.App.Ref/10.0.9/ref/net10.0/System.Security.Cryptography.OpenSsl.dll /reference:/Users/phmatray/.dotnet/packs/Microsoft.NETCore.App.Ref/10.0.9/ref/net10.0/System.Security.Cryptography.Primitives.dll /reference:/Users/phmatray/.dotnet/packs/Microsoft.NETCore.App.Ref/10.0.9/ref/net10.0/System.Security.Cryptography.X509Certificates.dll /reference:/Users/phmatray/.dotnet/packs/Microsoft.NETCore.App.Ref/10.0.9/ref/net10.0/System.Security.dll /reference:/Users/phmatray/.dotnet/packs/Microsoft.NETCore.App.Ref/10.0.9/ref/net10.0/System.Security.Principal.dll /reference:/Users/phmatray/.dotnet/packs/Microsoft.NETCore.App.Ref/10.0.9/ref/net10.0/System.Security.Principal.Windows.dll /reference:/Users/phmatray/.dotnet/packs/Microsoft.NETCore.App.Ref/10.0.9/ref/net10.0/System.Security.SecureString.dll /reference:/Users/phmatray/.dotnet/packs/Microsoft.NETCore.App.Ref/10.0.9/ref/net10.0/System.ServiceModel.Web.dll /reference:/Users/phmatray/.dotnet/packs/Microsoft.NETCore.App.Ref/10.0.9/ref/net10.0/System.ServiceProcess.dll /reference:/Users/phmatray/.dotnet/packs/Microsoft.NETCore.App.Ref/10.0.9/ref/net10.0/System.Text.Encoding.CodePages.dll /reference:/Users/phmatray/.dotnet/packs/Microsoft.NETCore.App.Ref/10.0.9/ref/net10.0/System.Text.Encoding.dll /reference:/Users/phmatray/.dotnet/packs/Microsoft.NETCore.App.Ref/10.0.9/ref/net10.0/System.Text.Encoding.Extensions.dll /reference:/Users/phmatray/.dotnet/packs/Microsoft.NETCore.App.Ref/10.0.9/ref/net10.0/System.Text.Encodings.Web.dll /reference:/Users/phmatray/.dotnet/packs/Microsoft.NETCore.App.Ref/10.0.9/ref/net10.0/System.Text.Json.dll /reference:/Users/phmatray/.dotnet/packs/Microsoft.NETCore.App.Ref/10.0.9/ref/net10.0/System.Text.RegularExpressions.dll /reference:/Users/phmatray/.dotnet/packs/Microsoft.NETCore.App.Ref/10.0.9/ref/net10.0/System.Threading.AccessControl.dll /reference:/Users/phmatray/.dotnet/packs/Microsoft.NETCore.App.Ref/10.0.9/ref/net10.0/System.Threading.Channels.dll /reference:/Users/phmatray/.dotnet/packs/Microsoft.NETCore.App.Ref/10.0.9/ref/net10.0/System.Threading.dll /reference:/Users/phmatray/.dotnet/packs/Microsoft.NETCore.App.Ref/10.0.9/ref/net10.0/System.Threading.Overlapped.dll /reference:/Users/phmatray/.dotnet/packs/Microsoft.NETCore.App.Ref/10.0.9/ref/net10.0/System.Threading.Tasks.Dataflow.dll /reference:/Users/phmatray/.dotnet/packs/Microsoft.NETCore.App.Ref/10.0.9/ref/net10.0/System.Threading.Tasks.dll /reference:/Users/phmatray/.dotnet/packs/Microsoft.NETCore.App.Ref/10.0.9/ref/net10.0/System.Threading.Tasks.Extensions.dll /reference:/Users/phmatray/.dotnet/packs/Microsoft.NETCore.App.Ref/10.0.9/ref/net10.0/System.Threading.Tasks.Parallel.dll /reference:/Users/phmatray/.dotnet/packs/Microsoft.NETCore.App.Ref/10.0.9/ref/net10.0/System.Threading.Thread.dll /reference:/Users/phmatray/.dotnet/packs/Microsoft.NETCore.App.Ref/10.0.9/ref/net10.0/System.Threading.ThreadPool.dll /reference:/Users/phmatray/.dotnet/packs/Microsoft.NETCore.App.Ref/10.0.9/ref/net10.0/System.Threading.Timer.dll /reference:/Users/phmatray/.dotnet/packs/Microsoft.NETCore.App.Ref/10.0.9/ref/net10.0/System.Transactions.dll /reference:/Users/phmatray/.dotnet/packs/Microsoft.NETCore.App.Ref/10.0.9/ref/net10.0/System.Transactions.Local.dll /reference:/Users/phmatray/.dotnet/packs/Microsoft.NETCore.App.Ref/10.0.9/ref/net10.0/System.ValueTuple.dll /reference:/Users/phmatray/.dotnet/packs/Microsoft.NETCore.App.Ref/10.0.9/ref/net10.0/System.Web.dll /reference:/Users/phmatray/.dotnet/packs/Microsoft.NETCore.App.Ref/10.0.9/ref/net10.0/System.Web.HttpUtility.dll /reference:/Users/phmatray/.dotnet/packs/Microsoft.NETCore.App.Ref/10.0.9/ref/net10.0/System.Windows.dll /reference:/Users/phmatray/.dotnet/packs/Microsoft.NETCore.App.Ref/10.0.9/ref/net10.0/System.Xml.dll /reference:/Users/phmatray/.dotnet/packs/Microsoft.NETCore.App.Ref/10.0.9/ref/net10.0/System.Xml.Linq.dll /reference:/Users/phmatray/.dotnet/packs/Microsoft.NETCore.App.Ref/10.0.9/ref/net10.0/System.Xml.ReaderWriter.dll /reference:/Users/phmatray/.dotnet/packs/Microsoft.NETCore.App.Ref/10.0.9/ref/net10.0/System.Xml.Serialization.dll /reference:/Users/phmatray/.dotnet/packs/Microsoft.NETCore.App.Ref/10.0.9/ref/net10.0/System.Xml.XDocument.dll /reference:/Users/phmatray/.dotnet/packs/Microsoft.NETCore.App.Ref/10.0.9/ref/net10.0/System.Xml.XmlDocument.dll /reference:/Users/phmatray/.dotnet/packs/Microsoft.NETCore.App.Ref/10.0.9/ref/net10.0/System.Xml.XmlSerializer.dll /reference:/Users/phmatray/.dotnet/packs/Microsoft.NETCore.App.Ref/10.0.9/ref/net10.0/System.Xml.XPath.dll /reference:/Users/phmatray/.dotnet/packs/Microsoft.NETCore.App.Ref/10.0.9/ref/net10.0/System.Xml.XPath.XDocument.dll /reference:/Users/phmatray/.dotnet/packs/Microsoft.NETCore.App.Ref/10.0.9/ref/net10.0/WindowsBase.dll /features:"InterceptorsNamespaces=;Microsoft.Extensions.Validation.Generated" /debug+ /debug:portable /filealign:512 /optimize- /out:obj/Debug/net10.0/X402.Core.dll /refout:obj/Debug/net10.0/refint/X402.Core.dll /target:library /warnaserror+ /utf8output /deterministic+ /sourcelink:obj/Debug/net10.0/X402.Core.sourcelink.json /langversion:latest /embed:obj/Debug/net10.0/X402.Core.GlobalUsings.g.cs /embed:"obj/Debug/net10.0/.NETCoreApp,Version=v10.0.AssemblyAttributes.cs" /embed:obj/Debug/net10.0/X402.Core.AssemblyInfo.cs /analyzerconfig:/Users/phmatray/Repositories/Atypical-Consulting/public/x402-dotnet/.editorconfig /analyzerconfig:obj/Debug/net10.0/X402.Core.GeneratedMSBuildEditorConfig.editorconfig /analyzerconfig:/opt/homebrew/Cellar/dotnet/10.0.301/libexec/sdk/10.0.301/Sdks/Microsoft.NET.Sdk/analyzers/build/config/analysislevel_10_default.globalconfig /analyzer:/opt/homebrew/Cellar/dotnet/10.0.301/libexec/sdk/10.0.301/Sdks/Microsoft.NET.Sdk/targets/../analyzers/Microsoft.CodeAnalysis.CSharp.NetAnalyzers.dll /analyzer:/opt/homebrew/Cellar/dotnet/10.0.301/libexec/sdk/10.0.301/Sdks/Microsoft.NET.Sdk/targets/../analyzers/Microsoft.CodeAnalysis.NetAnalyzers.dll /analyzer:/opt/homebrew/Cellar/dotnet/10.0.301/libexec/sdk/10.0.301/Sdks/Microsoft.NET.Sdk/targets/../codestyle/cs/Microsoft.CodeAnalysis.CodeStyle.dll /analyzer:/opt/homebrew/Cellar/dotnet/10.0.301/libexec/sdk/10.0.301/Sdks/Microsoft.NET.Sdk/targets/../codestyle/cs/Microsoft.CodeAnalysis.CodeStyle.Fixes.dll /analyzer:/opt/homebrew/Cellar/dotnet/10.0.301/libexec/sdk/10.0.301/Sdks/Microsoft.NET.Sdk/targets/../codestyle/cs/Microsoft.CodeAnalysis.CSharp.CodeStyle.dll /analyzer:/opt/homebrew/Cellar/dotnet/10.0.301/libexec/sdk/10.0.301/Sdks/Microsoft.NET.Sdk/targets/../codestyle/cs/Microsoft.CodeAnalysis.CSharp.CodeStyle.Fixes.dll /analyzer:/Users/phmatray/.nuget/packages/microsoft.extensions.logging.abstractions/10.0.10/analyzers/dotnet/roslyn4.4/cs/Microsoft.Extensions.Logging.Generators.dll /analyzer:/Users/phmatray/.dotnet/packs/Microsoft.NETCore.App.Ref/10.0.9/analyzers/dotnet/cs/Microsoft.Interop.ComInterfaceGenerator.dll /analyzer:/Users/phmatray/.dotnet/packs/Microsoft.NETCore.App.Ref/10.0.9/analyzers/dotnet/cs/Microsoft.Interop.JavaScript.JSImportGenerator.dll /analyzer:/Users/phmatray/.dotnet/packs/Microsoft.NETCore.App.Ref/10.0.9/analyzers/dotnet/cs/Microsoft.Interop.LibraryImportGenerator.dll /analyzer:/Users/phmatray/.dotnet/packs/Microsoft.NETCore.App.Ref/10.0.9/analyzers/dotnet/cs/Microsoft.Interop.SourceGeneration.dll /analyzer:/Users/phmatray/.dotnet/packs/Microsoft.NETCore.App.Ref/10.0.9/analyzers/dotnet/cs/System.Text.Json.SourceGeneration.dll /analyzer:/Users/phmatray/.dotnet/packs/Microsoft.NETCore.App.Ref/10.0.9/analyzers/dotnet/cs/System.Text.RegularExpressions.Generator.dll Assets/AssetDescriptor.cs Assets/KnownAssets.cs Json/X402Json.cs Networks/Caip2Network.cs Networks/KnownNetworks.cs Pricing/Price.cs Pricing/PriceSet.cs Protocol/FacilitatorContracts.cs Protocol/PaymentPayload.cs Protocol/PaymentRequired.cs Protocol/PaymentRequirements.cs Protocol/X402ErrorReason.cs Transport/X402Codec.cs Transport/X402Headers.cs obj/Debug/net10.0/X402.Core.GlobalUsings.g.cs "obj/Debug/net10.0/.NETCoreApp,Version=v10.0.AssemblyAttributes.cs" obj/Debug/net10.0/X402.Core.AssemblyInfo.cs /warnaserror+:NU1605,SYSLIB0011
         Compilation request X402.Core (net10.0), PathToTool=/opt/homebrew/Cellar/dotnet/10.0.301/libexec/sdk/10.0.301/Roslyn/bincore/csc
         CommandLine = ' /noconfig'
         BuildResponseFile = '/unsafe- /checked- /nowarn:1701,1702,1701,1702,8002 /fullpaths /nostdlib+ /errorreport:prompt /warn:10 /doc:obj/Debug/net10.0/X402.Core.xml /define:TRACE;DEBUG;NET;NET10_0;NETCOREAPP;NET5_0_OR_GREATER;NET6_0_OR_GREATER;NET7_0_OR_GREATER;NET8_0_OR_GREATER;NET9_0_OR_GREATER;NET10_0_OR_GREATER;NETCOREAPP1_0_OR_GREATER;NETCOREAPP1_1_OR_GREATER;NETCOREAPP2_0_OR_GREATER;NETCOREAPP2_1_OR_GREATER;NETCOREAPP2_2_OR_GREATER;NETCOREAPP3_0_OR_GREATER;NETCOREAPP3_1_OR_GREATER /highentropyva+ /nullable:enable /reference:/Users/phmatray/.dotnet/packs/Microsoft.NETCore.App.Ref/10.0.9/ref/net10.0/Microsoft.CSharp.dll /reference:/Users/phmatray/.nuget/packages/microsoft.extensions.dependencyinjection.abstractions/10.0.10/lib/net10.0/Microsoft.Extensions.DependencyInjection.Abstractions.dll /reference:/Users/phmatray/.nuget/packages/microsoft.extensions.logging.abstractions/10.0.10/lib/net10.0/Microsoft.Extensions.Logging.Abstractions.dll /reference:/Users/phmatray/.dotnet/packs/Microsoft.NETCore.App.Ref/10.0.9/ref/net10.0/Microsoft.VisualBasic.Core.dll /reference:/Users/phmatray/.dotnet/packs/Microsoft.NETCore.App.Ref/10.0.9/ref/net10.0/Microsoft.VisualBasic.dll /reference:/Users/phmatray/.dotnet/packs/Microsoft.NETCore.App.Ref/10.0.9/ref/net10.0/Microsoft.Win32.Primitives.dll /reference:/Users/phmatray/.dotnet/packs/Microsoft.NETCore.App.Ref/10.0.9/ref/net10.0/Microsoft.Win32.Registry.dll /reference:/Users/phmatray/.dotnet/packs/Microsoft.NETCore.App.Ref/10.0.9/ref/net10.0/mscorlib.dll /reference:/Users/phmatray/.dotnet/packs/Microsoft.NETCore.App.Ref/10.0.9/ref/net10.0/netstandard.dll /reference:/Users/phmatray/.dotnet/packs/Microsoft.NETCore.App.Ref/10.0.9/ref/net10.0/System.AppContext.dll /reference:/Users/phmatray/.dotnet/packs/Microsoft.NETCore.App.Ref/10.0.9/ref/net10.0/System.Buffers.dll /reference:/Users/phmatray/.dotnet/packs/Microsoft.NETCore.App.Ref/10.0.9/ref/net10.0/System.Collections.Concurrent.dll /reference:/Users/phmatray/.dotnet/packs/Microsoft.NETCore.App.Ref/10.0.9/ref/net10.0/System.Collections.dll /reference:/Users/phmatray/.dotnet/packs/Microsoft.NETCore.App.Ref/10.0.9/ref/net10.0/System.Collections.Immutable.dll /reference:/Users/phmatray/.dotnet/packs/Microsoft.NETCore.App.Ref/10.0.9/ref/net10.0/System.Collections.NonGeneric.dll /reference:/Users/phmatray/.dotnet/packs/Microsoft.NETCore.App.Ref/10.0.9/ref/net10.0/System.Collections.Specialized.dll /reference:/Users/phmatray/.dotnet/packs/Microsoft.NETCore.App.Ref/10.0.9/ref/net10.0/System.ComponentModel.Annotations.dll /reference:/Users/phmatray/.dotnet/packs/Microsoft.NETCore.App.Ref/10.0.9/ref/net10.0/System.ComponentModel.DataAnnotations.dll /reference:/Users/phmatray/.dotnet/packs/Microsoft.NETCore.App.Ref/10.0.9/ref/net10.0/System.ComponentModel.dll /reference:/Users/phmatray/.dotnet/packs/Microsoft.NETCore.App.Ref/10.0.9/ref/net10.0/System.ComponentModel.EventBasedAsync.dll /reference:/Users/phmatray/.dotnet/packs/Microsoft.NETCore.App.Ref/10.0.9/ref/net10.0/System.ComponentModel.Primitives.dll /reference:/Users/phmatray/.dotnet/packs/Microsoft.NETCore.App.Ref/10.0.9/ref/net10.0/System.ComponentModel.TypeConverter.dll /reference:/Users/phmatray/.dotnet/packs/Microsoft.NETCore.App.Ref/10.0.9/ref/net10.0/System.Configuration.dll /reference:/Users/phmatray/.dotnet/packs/Microsoft.NETCore.App.Ref/10.0.9/ref/net10.0/System.Console.dll /reference:/Users/phmatray/.dotnet/packs/Microsoft.NETCore.App.Ref/10.0.9/ref/net10.0/System.Core.dll /reference:/Users/phmatray/.dotnet/packs/Microsoft.NETCore.App.Ref/10.0.9/ref/net10.0/System.Data.Common.dll /reference:/Users/phmatray/.dotnet/packs/Microsoft.NETCore.App.Ref/10.0.9/ref/net10.0/System.Data.DataSetExtensions.dll /reference:/Users/phmatray/.dotnet/packs/Microsoft.NETCore.App.Ref/10.0.9/ref/net10.0/System.Data.dll /reference:/Users/phmatray/.dotnet/packs/Microsoft.NETCore.App.Ref/10.0.9/ref/net10.0/System.Diagnostics.Contracts.dll /reference:/Users/phmatray/.dotnet/packs/Microsoft.NETCore.App.Ref/10.0.9/ref/net10.0/System.Diagnostics.Debug.dll /reference:/Users/phmatray/.dotnet/packs/Microsoft.NETCore.App.Ref/10.0.9/ref/net10.0/System.Diagnostics.DiagnosticSource.dll /reference:/Users/phmatray/.dotnet/packs/Microsoft.NETCore.App.Ref/10.0.9/ref/net10.0/System.Diagnostics.FileVersionInfo.dll /reference:/Users/phmatray/.dotnet/packs/Microsoft.NETCore.App.Ref/10.0.9/ref/net10.0/System.Diagnostics.Process.dll /reference:/Users/phmatray/.dotnet/packs/Microsoft.NETCore.App.Ref/10.0.9/ref/net10.0/System.Diagnostics.StackTrace.dll /reference:/Users/phmatray/.dotnet/packs/Microsoft.NETCore.App.Ref/10.0.9/ref/net10.0/System.Diagnostics.TextWriterTraceListener.dll /reference:/Users/phmatray/.dotnet/packs/Microsoft.NETCore.App.Ref/10.0.9/ref/net10.0/System.Diagnostics.Tools.dll /reference:/Users/phmatray/.dotnet/packs/Microsoft.NETCore.App.Ref/10.0.9/ref/net10.0/System.Diagnostics.TraceSource.dll /reference:/Users/phmatray/.dotnet/packs/Microsoft.NETCore.App.Ref/10.0.9/ref/net10.0/System.Diagnostics.Tracing.dll /reference:/Users/phmatray/.dotnet/packs/Microsoft.NETCore.App.Ref/10.0.9/ref/net10.0/System.dll /reference:/Users/phmatray/.dotnet/packs/Microsoft.NETCore.App.Ref/10.0.9/ref/net10.0/System.Drawing.dll /reference:/Users/phmatray/.dotnet/packs/Microsoft.NETCore.App.Ref/10.0.9/ref/net10.0/System.Drawing.Primitives.dll /reference:/Users/phmatray/.dotnet/packs/Microsoft.NETCore.App.Ref/10.0.9/ref/net10.0/System.Dynamic.Runtime.dll /reference:/Users/phmatray/.dotnet/packs/Microsoft.NETCore.App.Ref/10.0.9/ref/net10.0/System.Formats.Asn1.dll /reference:/Users/phmatray/.dotnet/packs/Microsoft.NETCore.App.Ref/10.0.9/ref/net10.0/System.Formats.Tar.dll /reference:/Users/phmatray/.dotnet/packs/Microsoft.NETCore.App.Ref/10.0.9/ref/net10.0/System.Globalization.Calendars.dll /reference:/Users/phmatray/.dotnet/packs/Microsoft.NETCore.App.Ref/10.0.9/ref/net10.0/System.Globalization.dll /reference:/Users/phmatray/.dotnet/packs/Microsoft.NETCore.App.Ref/10.0.9/ref/net10.0/System.Globalization.Extensions.dll /reference:/Users/phmatray/.dotnet/packs/Microsoft.NETCore.App.Ref/10.0.9/ref/net10.0/System.IO.Compression.Brotli.dll /reference:/Users/phmatray/.dotnet/packs/Microsoft.NETCore.App.Ref/10.0.9/ref/net10.0/System.IO.Compression.dll /reference:/Users/phmatray/.dotnet/packs/Microsoft.NETCore.App.Ref/10.0.9/ref/net10.0/System.IO.Compression.FileSystem.dll /reference:/Users/phmatray/.dotnet/packs/Microsoft.NETCore.App.Ref/10.0.9/ref/net10.0/System.IO.Compression.ZipFile.dll /reference:/Users/phmatray/.dotnet/packs/Microsoft.NETCore.App.Ref/10.0.9/ref/net10.0/System.IO.dll /reference:/Users/phmatray/.dotnet/packs/Microsoft.NETCore.App.Ref/10.0.9/ref/net10.0/System.IO.FileSystem.AccessControl.dll /reference:/Users/phmatray/.dotnet/packs/Microsoft.NETCore.App.Ref/10.0.9/ref/net10.0/System.IO.FileSystem.dll /reference:/Users/phmatray/.dotnet/packs/Microsoft.NETCore.App.Ref/10.0.9/ref/net10.0/System.IO.FileSystem.DriveInfo.dll /reference:/Users/phmatray/.dotnet/packs/Microsoft.NETCore.App.Ref/10.0.9/ref/net10.0/System.IO.FileSystem.Primitives.dll /reference:/Users/phmatray/.dotnet/packs/Microsoft.NETCore.App.Ref/10.0.9/ref/net10.0/System.IO.FileSystem.Watcher.dll /reference:/Users/phmatray/.dotnet/packs/Microsoft.NETCore.App.Ref/10.0.9/ref/net10.0/System.IO.IsolatedStorage.dll /reference:/Users/phmatray/.dotnet/packs/Microsoft.NETCore.App.Ref/10.0.9/ref/net10.0/System.IO.MemoryMappedFiles.dll /reference:/Users/phmatray/.dotnet/packs/Microsoft.NETCore.App.Ref/10.0.9/ref/net10.0/System.IO.Pipelines.dll /reference:/Users/phmatray/.dotnet/packs/Microsoft.NETCore.App.Ref/10.0.9/ref/net10.0/System.IO.Pipes.AccessControl.dll /reference:/Users/phmatray/.dotnet/packs/Microsoft.NETCore.App.Ref/10.0.9/ref/net10.0/System.IO.Pipes.dll /reference:/Users/phmatray/.dotnet/packs/Microsoft.NETCore.App.Ref/10.0.9/ref/net10.0/System.IO.UnmanagedMemoryStream.dll /reference:/Users/phmatray/.dotnet/packs/Microsoft.NETCore.App.Ref/10.0.9/ref/net10.0/System.Linq.AsyncEnumerable.dll /reference:/Users/phmatray/.dotnet/packs/Microsoft.NETCore.App.Ref/10.0.9/ref/net10.0/System.Linq.dll /reference:/Users/phmatray/.dotnet/packs/Microsoft.NETCore.App.Ref/10.0.9/ref/net10.0/System.Linq.Expressions.dll /reference:/Users/phmatray/.dotnet/packs/Microsoft.NETCore.App.Ref/10.0.9/ref/net10.0/System.Linq.Parallel.dll /reference:/Users/phmatray/.dotnet/packs/Microsoft.NETCore.App.Ref/10.0.9/ref/net10.0/System.Linq.Queryable.dll /reference:/Users/phmatray/.dotnet/packs/Microsoft.NETCore.App.Ref/10.0.9/ref/net10.0/System.Memory.dll /reference:/Users/phmatray/.dotnet/packs/Microsoft.NETCore.App.Ref/10.0.9/ref/net10.0/System.Net.dll /reference:/Users/phmatray/.dotnet/packs/Microsoft.NETCore.App.Ref/10.0.9/ref/net10.0/System.Net.Http.dll /reference:/Users/phmatray/.dotnet/packs/Microsoft.NETCore.App.Ref/10.0.9/ref/net10.0/System.Net.Http.Json.dll /reference:/Users/phmatray/.dotnet/packs/Microsoft.NETCore.App.Ref/10.0.9/ref/net10.0/System.Net.HttpListener.dll /reference:/Users/phmatray/.dotnet/packs/Microsoft.NETCore.App.Ref/10.0.9/ref/net10.0/System.Net.Mail.dll /reference:/Users/phmatray/.dotnet/packs/Microsoft.NETCore.App.Ref/10.0.9/ref/net10.0/System.Net.NameResolution.dll /reference:/Users/phmatray/.dotnet/packs/Microsoft.NETCore.App.Ref/10.0.9/ref/net10.0/System.Net.NetworkInformation.dll /reference:/Users/phmatray/.dotnet/packs/Microsoft.NETCore.App.Ref/10.0.9/ref/net10.0/System.Net.Ping.dll /reference:/Users/phmatray/.dotnet/packs/Microsoft.NETCore.App.Ref/10.0.9/ref/net10.0/System.Net.Primitives.dll /reference:/Users/phmatray/.dotnet/packs/Microsoft.NETCore.App.Ref/10.0.9/ref/net10.0/System.Net.Quic.dll /reference:/Users/phmatray/.dotnet/packs/Microsoft.NETCore.App.Ref/10.0.9/ref/net10.0/System.Net.Requests.dll /reference:/Users/phmatray/.dotnet/packs/Microsoft.NETCore.App.Ref/10.0.9/ref/net10.0/System.Net.Security.dll /reference:/Users/phmatray/.dotnet/packs/Microsoft.NETCore.App.Ref/10.0.9/ref/net10.0/System.Net.ServerSentEvents.dll /reference:/Users/phmatray/.dotnet/packs/Microsoft.NETCore.App.Ref/10.0.9/ref/net10.0/System.Net.ServicePoint.dll /reference:/Users/phmatray/.dotnet/packs/Microsoft.NETCore.App.Ref/10.0.9/ref/net10.0/System.Net.Sockets.dll /reference:/Users/phmatray/.dotnet/packs/Microsoft.NETCore.App.Ref/10.0.9/ref/net10.0/System.Net.WebClient.dll /reference:/Users/phmatray/.dotnet/packs/Microsoft.NETCore.App.Ref/10.0.9/ref/net10.0/System.Net.WebHeaderCollection.dll /reference:/Users/phmatray/.dotnet/packs/Microsoft.NETCore.App.Ref/10.0.9/ref/net10.0/System.Net.WebProxy.dll /reference:/Users/phmatray/.dotnet/packs/Microsoft.NETCore.App.Ref/10.0.9/ref/net10.0/System.Net.WebSockets.Client.dll /reference:/Users/phmatray/.dotnet/packs/Microsoft.NETCore.App.Ref/10.0.9/ref/net10.0/System.Net.WebSockets.dll /reference:/Users/phmatray/.dotnet/packs/Microsoft.NETCore.App.Ref/10.0.9/ref/net10.0/System.Numerics.dll /reference:/Users/phmatray/.dotnet/packs/Microsoft.NETCore.App.Ref/10.0.9/ref/net10.0/System.Numerics.Vectors.dll /reference:/Users/phmatray/.dotnet/packs/Microsoft.NETCore.App.Ref/10.0.9/ref/net10.0/System.ObjectModel.dll /reference:/Users/phmatray/.dotnet/packs/Microsoft.NETCore.App.Ref/10.0.9/ref/net10.0/System.Reflection.DispatchProxy.dll /reference:/Users/phmatray/.dotnet/packs/Microsoft.NETCore.App.Ref/10.0.9/ref/net10.0/System.Reflection.dll /reference:/Users/phmatray/.dotnet/packs/Microsoft.NETCore.App.Ref/10.0.9/ref/net10.0/System.Reflection.Emit.dll /reference:/Users/phmatray/.dotnet/packs/Microsoft.NETCore.App.Ref/10.0.9/ref/net10.0/System.Reflection.Emit.ILGeneration.dll /reference:/Users/phmatray/.dotnet/packs/Microsoft.NETCore.App.Ref/10.0.9/ref/net10.0/System.Reflection.Emit.Lightweight.dll /reference:/Users/phmatray/.dotnet/packs/Microsoft.NETCore.App.Ref/10.0.9/ref/net10.0/System.Reflection.Extensions.dll /reference:/Users/phmatray/.dotnet/packs/Microsoft.NETCore.App.Ref/10.0.9/ref/net10.0/System.Reflection.Metadata.dll /reference:/Users/phmatray/.dotnet/packs/Microsoft.NETCore.App.Ref/10.0.9/ref/net10.0/System.Reflection.Primitives.dll /reference:/Users/phmatray/.dotnet/packs/Microsoft.NETCore.App.Ref/10.0.9/ref/net10.0/System.Reflection.TypeExtensions.dll /reference:/Users/phmatray/.dotnet/packs/Microsoft.NETCore.App.Ref/10.0.9/ref/net10.0/System.Resources.Reader.dll /reference:/Users/phmatray/.dotnet/packs/Microsoft.NETCore.App.Ref/10.0.9/ref/net10.0/System.Resources.ResourceManager.dll /reference:/Users/phmatray/.dotnet/packs/Microsoft.NETCore.App.Ref/10.0.9/ref/net10.0/System.Resources.Writer.dll /reference:/Users/phmatray/.dotnet/packs/Microsoft.NETCore.App.Ref/10.0.9/ref/net10.0/System.Runtime.CompilerServices.Unsafe.dll /reference:/Users/phmatray/.dotnet/packs/Microsoft.NETCore.App.Ref/10.0.9/ref/net10.0/System.Runtime.CompilerServices.VisualC.dll /reference:/Users/phmatray/.dotnet/packs/Microsoft.NETCore.App.Ref/10.0.9/ref/net10.0/System.Runtime.dll /reference:/Users/phmatray/.dotnet/packs/Microsoft.NETCore.App.Ref/10.0.9/ref/net10.0/System.Runtime.Extensions.dll /reference:/Users/phmatray/.dotnet/packs/Microsoft.NETCore.App.Ref/10.0.9/ref/net10.0/System.Runtime.Handles.dll /reference:/Users/phmatray/.dotnet/packs/Microsoft.NETCore.App.Ref/10.0.9/ref/net10.0/System.Runtime.InteropServices.dll /reference:/Users/phmatray/.dotnet/packs/Microsoft.NETCore.App.Ref/10.0.9/ref/net10.0/System.Runtime.InteropServices.JavaScript.dll /reference:/Users/phmatray/.dotnet/packs/Microsoft.NETCore.App.Ref/10.0.9/ref/net10.0/System.Runtime.InteropServices.RuntimeInformation.dll /reference:/Users/phmatray/.dotnet/packs/Microsoft.NETCore.App.Ref/10.0.9/ref/net10.0/System.Runtime.Intrinsics.dll /reference:/Users/phmatray/.dotnet/packs/Microsoft.NETCore.App.Ref/10.0.9/ref/net10.0/System.Runtime.Loader.dll /reference:/Users/phmatray/.dotnet/packs/Microsoft.NETCore.App.Ref/10.0.9/ref/net10.0/System.Runtime.Numerics.dll /reference:/Users/phmatray/.dotnet/packs/Microsoft.NETCore.App.Ref/10.0.9/ref/net10.0/System.Runtime.Serialization.dll /reference:/Users/phmatray/.dotnet/packs/Microsoft.NETCore.App.Ref/10.0.9/ref/net10.0/System.Runtime.Serialization.Formatters.dll /reference:/Users/phmatray/.dotnet/packs/Microsoft.NETCore.App.Ref/10.0.9/ref/net10.0/System.Runtime.Serialization.Json.dll /reference:/Users/phmatray/.dotnet/packs/Microsoft.NETCore.App.Ref/10.0.9/ref/net10.0/System.Runtime.Serialization.Primitives.dll /reference:/Users/phmatray/.dotnet/packs/Microsoft.NETCore.App.Ref/10.0.9/ref/net10.0/System.Runtime.Serialization.Xml.dll /reference:/Users/phmatray/.dotnet/packs/Microsoft.NETCore.App.Ref/10.0.9/ref/net10.0/System.Security.AccessControl.dll /reference:/Users/phmatray/.dotnet/packs/Microsoft.NETCore.App.Ref/10.0.9/ref/net10.0/System.Security.Claims.dll /reference:/Users/phmatray/.dotnet/packs/Microsoft.NETCore.App.Ref/10.0.9/ref/net10.0/System.Security.Cryptography.Algorithms.dll /reference:/Users/phmatray/.dotnet/packs/Microsoft.NETCore.App.Ref/10.0.9/ref/net10.0/System.Security.Cryptography.Cng.dll /reference:/Users/phmatray/.dotnet/packs/Microsoft.NETCore.App.Ref/10.0.9/ref/net10.0/System.Security.Cryptography.Csp.dll /reference:/Users/phmatray/.dotnet/packs/Microsoft.NETCore.App.Ref/10.0.9/ref/net10.0/System.Security.Cryptography.dll /reference:/Users/phmatray/.dotnet/packs/Microsoft.NETCore.App.Ref/10.0.9/ref/net10.0/System.Security.Cryptography.Encoding.dll /reference:/Users/phmatray/.dotnet/packs/Microsoft.NETCore.App.Ref/10.0.9/ref/net10.0/System.Security.Cryptography.OpenSsl.dll /reference:/Users/phmatray/.dotnet/packs/Microsoft.NETCore.App.Ref/10.0.9/ref/net10.0/System.Security.Cryptography.Primitives.dll /reference:/Users/phmatray/.dotnet/packs/Microsoft.NETCore.App.Ref/10.0.9/ref/net10.0/System.Security.Cryptography.X509Certificates.dll /reference:/Users/phmatray/.dotnet/packs/Microsoft.NETCore.App.Ref/10.0.9/ref/net10.0/System.Security.dll /reference:/Users/phmatray/.dotnet/packs/Microsoft.NETCore.App.Ref/10.0.9/ref/net10.0/System.Security.Principal.dll /reference:/Users/phmatray/.dotnet/packs/Microsoft.NETCore.App.Ref/10.0.9/ref/net10.0/System.Security.Principal.Windows.dll /reference:/Users/phmatray/.dotnet/packs/Microsoft.NETCore.App.Ref/10.0.9/ref/net10.0/System.Security.SecureString.dll /reference:/Users/phmatray/.dotnet/packs/Microsoft.NETCore.App.Ref/10.0.9/ref/net10.0/System.ServiceModel.Web.dll /reference:/Users/phmatray/.dotnet/packs/Microsoft.NETCore.App.Ref/10.0.9/ref/net10.0/System.ServiceProcess.dll /reference:/Users/phmatray/.dotnet/packs/Microsoft.NETCore.App.Ref/10.0.9/ref/net10.0/System.Text.Encoding.CodePages.dll /reference:/Users/phmatray/.dotnet/packs/Microsoft.NETCore.App.Ref/10.0.9/ref/net10.0/System.Text.Encoding.dll /reference:/Users/phmatray/.dotnet/packs/Microsoft.NETCore.App.Ref/10.0.9/ref/net10.0/System.Text.Encoding.Extensions.dll /reference:/Users/phmatray/.dotnet/packs/Microsoft.NETCore.App.Ref/10.0.9/ref/net10.0/System.Text.Encodings.Web.dll /reference:/Users/phmatray/.dotnet/packs/Microsoft.NETCore.App.Ref/10.0.9/ref/net10.0/System.Text.Json.dll /reference:/Users/phmatray/.dotnet/packs/Microsoft.NETCore.App.Ref/10.0.9/ref/net10.0/System.Text.RegularExpressions.dll /reference:/Users/phmatray/.dotnet/packs/Microsoft.NETCore.App.Ref/10.0.9/ref/net10.0/System.Threading.AccessControl.dll /reference:/Users/phmatray/.dotnet/packs/Microsoft.NETCore.App.Ref/10.0.9/ref/net10.0/System.Threading.Channels.dll /reference:/Users/phmatray/.dotnet/packs/Microsoft.NETCore.App.Ref/10.0.9/ref/net10.0/System.Threading.dll /reference:/Users/phmatray/.dotnet/packs/Microsoft.NETCore.App.Ref/10.0.9/ref/net10.0/System.Threading.Overlapped.dll /reference:/Users/phmatray/.dotnet/packs/Microsoft.NETCore.App.Ref/10.0.9/ref/net10.0/System.Threading.Tasks.Dataflow.dll /reference:/Users/phmatray/.dotnet/packs/Microsoft.NETCore.App.Ref/10.0.9/ref/net10.0/System.Threading.Tasks.dll /reference:/Users/phmatray/.dotnet/packs/Microsoft.NETCore.App.Ref/10.0.9/ref/net10.0/System.Threading.Tasks.Extensions.dll /reference:/Users/phmatray/.dotnet/packs/Microsoft.NETCore.App.Ref/10.0.9/ref/net10.0/System.Threading.Tasks.Parallel.dll /reference:/Users/phmatray/.dotnet/packs/Microsoft.NETCore.App.Ref/10.0.9/ref/net10.0/System.Threading.Thread.dll /reference:/Users/phmatray/.dotnet/packs/Microsoft.NETCore.App.Ref/10.0.9/ref/net10.0/System.Threading.ThreadPool.dll /reference:/Users/phmatray/.dotnet/packs/Microsoft.NETCore.App.Ref/10.0.9/ref/net10.0/System.Threading.Timer.dll /reference:/Users/phmatray/.dotnet/packs/Microsoft.NETCore.App.Ref/10.0.9/ref/net10.0/System.Transactions.dll /reference:/Users/phmatray/.dotnet/packs/Microsoft.NETCore.App.Ref/10.0.9/ref/net10.0/System.Transactions.Local.dll /reference:/Users/phmatray/.dotnet/packs/Microsoft.NETCore.App.Ref/10.0.9/ref/net10.0/System.ValueTuple.dll /reference:/Users/phmatray/.dotnet/packs/Microsoft.NETCore.App.Ref/10.0.9/ref/net10.0/System.Web.dll /reference:/Users/phmatray/.dotnet/packs/Microsoft.NETCore.App.Ref/10.0.9/ref/net10.0/System.Web.HttpUtility.dll /reference:/Users/phmatray/.dotnet/packs/Microsoft.NETCore.App.Ref/10.0.9/ref/net10.0/System.Windows.dll /reference:/Users/phmatray/.dotnet/packs/Microsoft.NETCore.App.Ref/10.0.9/ref/net10.0/System.Xml.dll /reference:/Users/phmatray/.dotnet/packs/Microsoft.NETCore.App.Ref/10.0.9/ref/net10.0/System.Xml.Linq.dll /reference:/Users/phmatray/.dotnet/packs/Microsoft.NETCore.App.Ref/10.0.9/ref/net10.0/System.Xml.ReaderWriter.dll /reference:/Users/phmatray/.dotnet/packs/Microsoft.NETCore.App.Ref/10.0.9/ref/net10.0/System.Xml.Serialization.dll /reference:/Users/phmatray/.dotnet/packs/Microsoft.NETCore.App.Ref/10.0.9/ref/net10.0/System.Xml.XDocument.dll /reference:/Users/phmatray/.dotnet/packs/Microsoft.NETCore.App.Ref/10.0.9/ref/net10.0/System.Xml.XmlDocument.dll /reference:/Users/phmatray/.dotnet/packs/Microsoft.NETCore.App.Ref/10.0.9/ref/net10.0/System.Xml.XmlSerializer.dll /reference:/Users/phmatray/.dotnet/packs/Microsoft.NETCore.App.Ref/10.0.9/ref/net10.0/System.Xml.XPath.dll /reference:/Users/phmatray/.dotnet/packs/Microsoft.NETCore.App.Ref/10.0.9/ref/net10.0/System.Xml.XPath.XDocument.dll /reference:/Users/phmatray/.dotnet/packs/Microsoft.NETCore.App.Ref/10.0.9/ref/net10.0/WindowsBase.dll /features:"InterceptorsNamespaces=;Microsoft.Extensions.Validation.Generated" /debug+ /debug:portable /filealign:512 /optimize- /out:obj/Debug/net10.0/X402.Core.dll /refout:obj/Debug/net10.0/refint/X402.Core.dll /target:library /warnaserror+ /utf8output /deterministic+ /sourcelink:obj/Debug/net10.0/X402.Core.sourcelink.json /langversion:latest /embed:obj/Debug/net10.0/X402.Core.GlobalUsings.g.cs /embed:"obj/Debug/net10.0/.NETCoreApp,Version=v10.0.AssemblyAttributes.cs" /embed:obj/Debug/net10.0/X402.Core.AssemblyInfo.cs /analyzerconfig:/Users/phmatray/Repositories/Atypical-Consulting/public/x402-dotnet/.editorconfig /analyzerconfig:obj/Debug/net10.0/X402.Core.GeneratedMSBuildEditorConfig.editorconfig /analyzerconfig:/opt/homebrew/Cellar/dotnet/10.0.301/libexec/sdk/10.0.301/Sdks/Microsoft.NET.Sdk/analyzers/build/config/analysislevel_10_default.globalconfig /analyzer:/opt/homebrew/Cellar/dotnet/10.0.301/libexec/sdk/10.0.301/Sdks/Microsoft.NET.Sdk/targets/../analyzers/Microsoft.CodeAnalysis.CSharp.NetAnalyzers.dll /analyzer:/opt/homebrew/Cellar/dotnet/10.0.301/libexec/sdk/10.0.301/Sdks/Microsoft.NET.Sdk/targets/../analyzers/Microsoft.CodeAnalysis.NetAnalyzers.dll /analyzer:/opt/homebrew/Cellar/dotnet/10.0.301/libexec/sdk/10.0.301/Sdks/Microsoft.NET.Sdk/targets/../codestyle/cs/Microsoft.CodeAnalysis.CodeStyle.dll /analyzer:/opt/homebrew/Cellar/dotnet/10.0.301/libexec/sdk/10.0.301/Sdks/Microsoft.NET.Sdk/targets/../codestyle/cs/Microsoft.CodeAnalysis.CodeStyle.Fixes.dll /analyzer:/opt/homebrew/Cellar/dotnet/10.0.301/libexec/sdk/10.0.301/Sdks/Microsoft.NET.Sdk/targets/../codestyle/cs/Microsoft.CodeAnalysis.CSharp.CodeStyle.dll /analyzer:/opt/homebrew/Cellar/dotnet/10.0.301/libexec/sdk/10.0.301/Sdks/Microsoft.NET.Sdk/targets/../codestyle/cs/Microsoft.CodeAnalysis.CSharp.CodeStyle.Fixes.dll /analyzer:/Users/phmatray/.nuget/packages/microsoft.extensions.logging.abstractions/10.0.10/analyzers/dotnet/roslyn4.4/cs/Microsoft.Extensions.Logging.Generators.dll /analyzer:/Users/phmatray/.dotnet/packs/Microsoft.NETCore.App.Ref/10.0.9/analyzers/dotnet/cs/Microsoft.Interop.ComInterfaceGenerator.dll /analyzer:/Users/phmatray/.dotnet/packs/Microsoft.NETCore.App.Ref/10.0.9/analyzers/dotnet/cs/Microsoft.Interop.JavaScript.JSImportGenerator.dll /analyzer:/Users/phmatray/.dotnet/packs/Microsoft.NETCore.App.Ref/10.0.9/analyzers/dotnet/cs/Microsoft.Interop.LibraryImportGenerator.dll /analyzer:/Users/phmatray/.dotnet/packs/Microsoft.NETCore.App.Ref/10.0.9/analyzers/dotnet/cs/Microsoft.Interop.SourceGeneration.dll /analyzer:/Users/phmatray/.dotnet/packs/Microsoft.NETCore.App.Ref/10.0.9/analyzers/dotnet/cs/System.Text.Json.SourceGeneration.dll /analyzer:/Users/phmatray/.dotnet/packs/Microsoft.NETCore.App.Ref/10.0.9/analyzers/dotnet/cs/System.Text.RegularExpressions.Generator.dll Assets/AssetDescriptor.cs Assets/KnownAssets.cs Json/X402Json.cs Networks/Caip2Network.cs Networks/KnownNetworks.cs Pricing/Price.cs Pricing/PriceSet.cs Protocol/FacilitatorContracts.cs Protocol/PaymentPayload.cs Protocol/PaymentRequired.cs Protocol/PaymentRequirements.cs Protocol/X402ErrorReason.cs Transport/X402Codec.cs Transport/X402Headers.cs obj/Debug/net10.0/X402.Core.GlobalUsings.g.cs "obj/Debug/net10.0/.NETCoreApp,Version=v10.0.AssemblyAttributes.cs" obj/Debug/net10.0/X402.Core.AssemblyInfo.cs /warnaserror+:NU1605,SYSLIB0011'
         Attempt to open named pipe 'kvBFj4VUUzLiQInJ0n6niiVUua5b9LiXb6xAlTFXrtc'
         Attempt to connect named pipe 'kvBFj4VUUzLiQInJ0n6niiVUua5b9LiXb6xAlTFXrtc'
         Named pipe 'kvBFj4VUUzLiQInJ0n6niiVUua5b9LiXb6xAlTFXrtc' connected
         Begin writing request for X402.Core (net10.0)
         End writing request for X402.Core (net10.0)
         Begin reading response for X402.Core (net10.0)
         End reading response for X402.Core (net10.0)
         CompilerServer: server - server processed compilation - X402.Core (net10.0)
       GenerateBuildDependencyFile:
       Skipping target "GenerateBuildDependencyFile" because all output files are up-to-date with respect to the input files.
       CopyFilesToOutputDirectory:
         Copying file from "/Users/phmatray/Repositories/Atypical-Consulting/public/x402-dotnet/src/X402.Core/obj/Debug/net10.0/X402.Core.dll" to "/Users/phmatray/Repositories/Atypical-Consulting/public/x402-dotnet/src/X402.Core/bin/Debug/net10.0/X402.Core.dll".
         Copying reference assembly from "obj/Debug/net10.0/refint/X402.Core.dll" to "/Users/phmatray/Repositories/Atypical-Consulting/public/x402-dotnet/src/X402.Core/obj/Debug/net10.0/ref/X402.Core.dll".
         X402.Core -> /Users/phmatray/Repositories/Atypical-Consulting/public/x402-dotnet/src/X402.Core/bin/Debug/net10.0/X402.Core.dll
         Copying file from "/Users/phmatray/Repositories/Atypical-Consulting/public/x402-dotnet/src/X402.Core/obj/Debug/net10.0/X402.Core.pdb" to "/Users/phmatray/Repositories/Atypical-Consulting/public/x402-dotnet/src/X402.Core/bin/Debug/net10.0/X402.Core.pdb".
         Copying file from "/Users/phmatray/Repositories/Atypical-Consulting/public/x402-dotnet/src/X402.Core/obj/Debug/net10.0/X402.Core.xml" to "/Users/phmatray/Repositories/Atypical-Consulting/public/x402-dotnet/src/X402.Core/bin/Debug/net10.0/X402.Core.xml".
     2>Done Building Project "/Users/phmatray/Repositories/Atypical-Consulting/public/x402-dotnet/src/X402.Core/X402.Core.csproj" (default targets).
     1>GenerateTargetFrameworkMonikerAttribute:
       Skipping target "GenerateTargetFrameworkMonikerAttribute" because all output files are up-to-date with respect to the input files.
       _GenerateSelfRegisteredExtensions:
       Skipping target "_GenerateSelfRegisteredExtensions" because all output files are up-to-date with respect to the input files.
       _XunitGenerateEntryPoint:
       Skipping target "_XunitGenerateEntryPoint" because all output files are up-to-date with respect to the input files.
       CoreGenerateAssemblyInfo:
         Could not infer the type of parameter "_Parameter1" because the attribute type "System.Reflection.AssemblyMetadata" is unknown. The value will be treated as a string.
         Could not infer the type of parameter "_Parameter2" because the attribute type "System.Reflection.AssemblyMetadata" is unknown. The value will be treated as a string.
       _GenerateSourceLinkFile:
         Updating Source Link file 'obj/Debug/net10.0/X402.Core.Tests.sourcelink.json'.
       CoreCompile:
         Setting DOTNET_ROOT to '/opt/homebrew/Cellar/dotnet/10.0.301/libexec'
         /opt/homebrew/Cellar/dotnet/10.0.301/libexec/sdk/10.0.301/Roslyn/bincore/csc /noconfig /unsafe- /checked- /nowarn:1701,1702,1701,1702,8002 /fullpaths /nostdlib+ /errorreport:prompt /warn:10 /define:TRACE;DEBUG;NET;NET10_0;NETCOREAPP;NET5_0_OR_GREATER;NET6_0_OR_GREATER;NET7_0_OR_GREATER;NET8_0_OR_GREATER;NET9_0_OR_GREATER;NET10_0_OR_GREATER;NETCOREAPP1_0_OR_GREATER;NETCOREAPP1_1_OR_GREATER;NETCOREAPP2_0_OR_GREATER;NETCOREAPP2_1_OR_GREATER;NETCOREAPP2_2_OR_GREATER;NETCOREAPP3_0_OR_GREATER;NETCOREAPP3_1_OR_GREATER /highentropyva+ /nullable:enable /reference:/Users/phmatray/.nuget/packages/diffengine/11.3.0/lib/net7.0/DiffEngine.dll /reference:/Users/phmatray/.nuget/packages/emptyfiles/4.4.0/lib/net7.0/EmptyFiles.dll /reference:/Users/phmatray/.nuget/packages/microsoft.applicationinsights/2.23.0/lib/netstandard2.0/Microsoft.ApplicationInsights.dll /reference:/Users/phmatray/.nuget/packages/microsoft.bcl.asyncinterfaces/6.0.0/lib/netstandard2.1/Microsoft.Bcl.AsyncInterfaces.dll /reference:/Users/phmatray/.dotnet/packs/Microsoft.NETCore.App.Ref/10.0.9/ref/net10.0/Microsoft.CSharp.dll /reference:/Users/phmatray/.nuget/packages/microsoft.extensions.dependencyinjection.abstractions/10.0.10/lib/net10.0/Microsoft.Extensions.DependencyInjection.Abstractions.dll /reference:/Users/phmatray/.nuget/packages/microsoft.extensions.logging.abstractions/10.0.10/lib/net10.0/Microsoft.Extensions.Logging.Abstractions.dll /reference:/Users/phmatray/.nuget/packages/microsoft.testing.platform.msbuild/1.9.1/lib/net9.0/Microsoft.Testing.Extensions.MSBuild.dll /reference:/Users/phmatray/.nuget/packages/microsoft.testing.extensions.telemetry/1.9.1/lib/net9.0/Microsoft.Testing.Extensions.Telemetry.dll /reference:/Users/phmatray/.nuget/packages/microsoft.testing.extensions.trxreport.abstractions/1.9.1/lib/net9.0/Microsoft.Testing.Extensions.TrxReport.Abstractions.dll /reference:/Users/phmatray/.nuget/packages/microsoft.testing.platform/1.9.1/lib/net9.0/Microsoft.Testing.Platform.dll /reference:/Users/phmatray/.nuget/packages/microsoft.testplatform.testhost/18.8.1/lib/net8.0/Microsoft.TestPlatform.CommunicationUtilities.dll /reference:/Users/phmatray/.nuget/packages/microsoft.testplatform.testhost/18.8.1/lib/net8.0/Microsoft.TestPlatform.CoreUtilities.dll /reference:/Users/phmatray/.nuget/packages/microsoft.testplatform.testhost/18.8.1/lib/net8.0/Microsoft.TestPlatform.CrossPlatEngine.dll /reference:/Users/phmatray/.nuget/packages/microsoft.testplatform.testhost/18.8.1/lib/net8.0/Microsoft.TestPlatform.PlatformAbstractions.dll /reference:/Users/phmatray/.nuget/packages/microsoft.testplatform.testhost/18.8.1/lib/net8.0/Microsoft.TestPlatform.Utilities.dll /reference:/Users/phmatray/.dotnet/packs/Microsoft.NETCore.App.Ref/10.0.9/ref/net10.0/Microsoft.VisualBasic.Core.dll /reference:/Users/phmatray/.dotnet/packs/Microsoft.NETCore.App.Ref/10.0.9/ref/net10.0/Microsoft.VisualBasic.dll /reference:/Users/phmatray/.nuget/packages/microsoft.codecoverage/18.8.1/lib/net8.0/Microsoft.VisualStudio.CodeCoverage.Shim.dll /reference:/Users/phmatray/.nuget/packages/microsoft.testplatform.testhost/18.8.1/lib/net8.0/Microsoft.VisualStudio.TestPlatform.Common.dll /reference:/Users/phmatray/.nuget/packages/microsoft.testplatform.testhost/18.8.1/lib/net8.0/Microsoft.VisualStudio.TestPlatform.ObjectModel.dll /reference:/Users/phmatray/.dotnet/packs/Microsoft.NETCore.App.Ref/10.0.9/ref/net10.0/Microsoft.Win32.Primitives.dll /reference:/Users/phmatray/.dotnet/packs/Microsoft.NETCore.App.Ref/10.0.9/ref/net10.0/Microsoft.Win32.Registry.dll /reference:/Users/phmatray/.dotnet/packs/Microsoft.NETCore.App.Ref/10.0.9/ref/net10.0/mscorlib.dll /reference:/Users/phmatray/.dotnet/packs/Microsoft.NETCore.App.Ref/10.0.9/ref/net10.0/netstandard.dll /reference:/Users/phmatray/.nuget/packages/shouldly/4.3.0/lib/net9.0/Shouldly.dll /reference:/Users/phmatray/.dotnet/packs/Microsoft.NETCore.App.Ref/10.0.9/ref/net10.0/System.AppContext.dll /reference:/Users/phmatray/.dotnet/packs/Microsoft.NETCore.App.Ref/10.0.9/ref/net10.0/System.Buffers.dll /reference:/Users/phmatray/.nuget/packages/system.codedom/6.0.0/lib/net6.0/System.CodeDom.dll /reference:/Users/phmatray/.dotnet/packs/Microsoft.NETCore.App.Ref/10.0.9/ref/net10.0/System.Collections.Concurrent.dll /reference:/Users/phmatray/.dotnet/packs/Microsoft.NETCore.App.Ref/10.0.9/ref/net10.0/System.Collections.dll /reference:/Users/phmatray/.dotnet/packs/Microsoft.NETCore.App.Ref/10.0.9/ref/net10.0/System.Collections.Immutable.dll /reference:/Users/phmatray/.dotnet/packs/Microsoft.NETCore.App.Ref/10.0.9/ref/net10.0/System.Collections.NonGeneric.dll /reference:/Users/phmatray/.dotnet/packs/Microsoft.NETCore.App.Ref/10.0.9/ref/net10.0/System.Collections.Specialized.dll /reference:/Users/phmatray/.dotnet/packs/Microsoft.NETCore.App.Ref/10.0.9/ref/net10.0/System.ComponentModel.Annotations.dll /reference:/Users/phmatray/.dotnet/packs/Microsoft.NETCore.App.Ref/10.0.9/ref/net10.0/System.ComponentModel.DataAnnotations.dll /reference:/Users/phmatray/.dotnet/packs/Microsoft.NETCore.App.Ref/10.0.9/ref/net10.0/System.ComponentModel.dll /reference:/Users/phmatray/.dotnet/packs/Microsoft.NETCore.App.Ref/10.0.9/ref/net10.0/System.ComponentModel.EventBasedAsync.dll /reference:/Users/phmatray/.dotnet/packs/Microsoft.NETCore.App.Ref/10.0.9/ref/net10.0/System.ComponentModel.Primitives.dll /reference:/Users/phmatray/.dotnet/packs/Microsoft.NETCore.App.Ref/10.0.9/ref/net10.0/System.ComponentModel.TypeConverter.dll /reference:/Users/phmatray/.dotnet/packs/Microsoft.NETCore.App.Ref/10.0.9/ref/net10.0/System.Configuration.dll /reference:/Users/phmatray/.dotnet/packs/Microsoft.NETCore.App.Ref/10.0.9/ref/net10.0/System.Console.dll /reference:/Users/phmatray/.dotnet/packs/Microsoft.NETCore.App.Ref/10.0.9/ref/net10.0/System.Core.dll /reference:/Users/phmatray/.dotnet/packs/Microsoft.NETCore.App.Ref/10.0.9/ref/net10.0/System.Data.Common.dll /reference:/Users/phmatray/.dotnet/packs/Microsoft.NETCore.App.Ref/10.0.9/ref/net10.0/System.Data.DataSetExtensions.dll /reference:/Users/phmatray/.dotnet/packs/Microsoft.NETCore.App.Ref/10.0.9/ref/net10.0/System.Data.dll /reference:/Users/phmatray/.dotnet/packs/Microsoft.NETCore.App.Ref/10.0.9/ref/net10.0/System.Diagnostics.Contracts.dll /reference:/Users/phmatray/.dotnet/packs/Microsoft.NETCore.App.Ref/10.0.9/ref/net10.0/System.Diagnostics.Debug.dll /reference:/Users/phmatray/.dotnet/packs/Microsoft.NETCore.App.Ref/10.0.9/ref/net10.0/System.Diagnostics.DiagnosticSource.dll /reference:/Users/phmatray/.dotnet/packs/Microsoft.NETCore.App.Ref/10.0.9/ref/net10.0/System.Diagnostics.FileVersionInfo.dll /reference:/Users/phmatray/.dotnet/packs/Microsoft.NETCore.App.Ref/10.0.9/ref/net10.0/System.Diagnostics.Process.dll /reference:/Users/phmatray/.dotnet/packs/Microsoft.NETCore.App.Ref/10.0.9/ref/net10.0/System.Diagnostics.StackTrace.dll /reference:/Users/phmatray/.dotnet/packs/Microsoft.NETCore.App.Ref/10.0.9/ref/net10.0/System.Diagnostics.TextWriterTraceListener.dll /reference:/Users/phmatray/.dotnet/packs/Microsoft.NETCore.App.Ref/10.0.9/ref/net10.0/System.Diagnostics.Tools.dll /reference:/Users/phmatray/.dotnet/packs/Microsoft.NETCore.App.Ref/10.0.9/ref/net10.0/System.Diagnostics.TraceSource.dll /reference:/Users/phmatray/.dotnet/packs/Microsoft.NETCore.App.Ref/10.0.9/ref/net10.0/System.Diagnostics.Tracing.dll /reference:/Users/phmatray/.dotnet/packs/Microsoft.NETCore.App.Ref/10.0.9/ref/net10.0/System.dll /reference:/Users/phmatray/.dotnet/packs/Microsoft.NETCore.App.Ref/10.0.9/ref/net10.0/System.Drawing.dll /reference:/Users/phmatray/.dotnet/packs/Microsoft.NETCore.App.Ref/10.0.9/ref/net10.0/System.Drawing.Primitives.dll /reference:/Users/phmatray/.dotnet/packs/Microsoft.NETCore.App.Ref/10.0.9/ref/net10.0/System.Dynamic.Runtime.dll /reference:/Users/phmatray/.dotnet/packs/Microsoft.NETCore.App.Ref/10.0.9/ref/net10.0/System.Formats.Asn1.dll /reference:/Users/phmatray/.dotnet/packs/Microsoft.NETCore.App.Ref/10.0.9/ref/net10.0/System.Formats.Tar.dll /reference:/Users/phmatray/.dotnet/packs/Microsoft.NETCore.App.Ref/10.0.9/ref/net10.0/System.Globalization.Calendars.dll /reference:/Users/phmatray/.dotnet/packs/Microsoft.NETCore.App.Ref/10.0.9/ref/net10.0/System.Globalization.dll /reference:/Users/phmatray/.dotnet/packs/Microsoft.NETCore.App.Ref/10.0.9/ref/net10.0/System.Globalization.Extensions.dll /reference:/Users/phmatray/.dotnet/packs/Microsoft.NETCore.App.Ref/10.0.9/ref/net10.0/System.IO.Compression.Brotli.dll /reference:/Users/phmatray/.dotnet/packs/Microsoft.NETCore.App.Ref/10.0.9/ref/net10.0/System.IO.Compression.dll /reference:/Users/phmatray/.dotnet/packs/Microsoft.NETCore.App.Ref/10.0.9/ref/net10.0/System.IO.Compression.FileSystem.dll /reference:/Users/phmatray/.dotnet/packs/Microsoft.NETCore.App.Ref/10.0.9/ref/net10.0/System.IO.Compression.ZipFile.dll /reference:/Users/phmatray/.dotnet/packs/Microsoft.NETCore.App.Ref/10.0.9/ref/net10.0/System.IO.dll /reference:/Users/phmatray/.dotnet/packs/Microsoft.NETCore.App.Ref/10.0.9/ref/net10.0/System.IO.FileSystem.AccessControl.dll /reference:/Users/phmatray/.dotnet/packs/Microsoft.NETCore.App.Ref/10.0.9/ref/net10.0/System.IO.FileSystem.dll /reference:/Users/phmatray/.dotnet/packs/Microsoft.NETCore.App.Ref/10.0.9/ref/net10.0/System.IO.FileSystem.DriveInfo.dll /reference:/Users/phmatray/.dotnet/packs/Microsoft.NETCore.App.Ref/10.0.9/ref/net10.0/System.IO.FileSystem.Primitives.dll /reference:/Users/phmatray/.dotnet/packs/Microsoft.NETCore.App.Ref/10.0.9/ref/net10.0/System.IO.FileSystem.Watcher.dll /reference:/Users/phmatray/.dotnet/packs/Microsoft.NETCore.App.Ref/10.0.9/ref/net10.0/System.IO.IsolatedStorage.dll /reference:/Users/phmatray/.dotnet/packs/Microsoft.NETCore.App.Ref/10.0.9/ref/net10.0/System.IO.MemoryMappedFiles.dll /reference:/Users/phmatray/.dotnet/packs/Microsoft.NETCore.App.Ref/10.0.9/ref/net10.0/System.IO.Pipelines.dll /reference:/Users/phmatray/.dotnet/packs/Microsoft.NETCore.App.Ref/10.0.9/ref/net10.0/System.IO.Pipes.AccessControl.dll /reference:/Users/phmatray/.dotnet/packs/Microsoft.NETCore.App.Ref/10.0.9/ref/net10.0/System.IO.Pipes.dll /reference:/Users/phmatray/.dotnet/packs/Microsoft.NETCore.App.Ref/10.0.9/ref/net10.0/System.IO.UnmanagedMemoryStream.dll /reference:/Users/phmatray/.dotnet/packs/Microsoft.NETCore.App.Ref/10.0.9/ref/net10.0/System.Linq.AsyncEnumerable.dll /reference:/Users/phmatray/.dotnet/packs/Microsoft.NETCore.App.Ref/10.0.9/ref/net10.0/System.Linq.dll /reference:/Users/phmatray/.dotnet/packs/Microsoft.NETCore.App.Ref/10.0.9/ref/net10.0/System.Linq.Expressions.dll /reference:/Users/phmatray/.dotnet/packs/Microsoft.NETCore.App.Ref/10.0.9/ref/net10.0/System.Linq.Parallel.dll /reference:/Users/phmatray/.dotnet/packs/Microsoft.NETCore.App.Ref/10.0.9/ref/net10.0/System.Linq.Queryable.dll /reference:/Users/phmatray/.nuget/packages/system.management/6.0.1/lib/net6.0/System.Management.dll /reference:/Users/phmatray/.dotnet/packs/Microsoft.NETCore.App.Ref/10.0.9/ref/net10.0/System.Memory.dll /reference:/Users/phmatray/.dotnet/packs/Microsoft.NETCore.App.Ref/10.0.9/ref/net10.0/System.Net.dll /reference:/Users/phmatray/.dotnet/packs/Microsoft.NETCore.App.Ref/10.0.9/ref/net10.0/System.Net.Http.dll /reference:/Users/phmatray/.dotnet/packs/Microsoft.NETCore.App.Ref/10.0.9/ref/net10.0/System.Net.Http.Json.dll /reference:/Users/phmatray/.dotnet/packs/Microsoft.NETCore.App.Ref/10.0.9/ref/net10.0/System.Net.HttpListener.dll /reference:/Users/phmatray/.dotnet/packs/Microsoft.NETCore.App.Ref/10.0.9/ref/net10.0/System.Net.Mail.dll /reference:/Users/phmatray/.dotnet/packs/Microsoft.NETCore.App.Ref/10.0.9/ref/net10.0/System.Net.NameResolution.dll /reference:/Users/phmatray/.dotnet/packs/Microsoft.NETCore.App.Ref/10.0.9/ref/net10.0/System.Net.NetworkInformation.dll /reference:/Users/phmatray/.dotnet/packs/Microsoft.NETCore.App.Ref/10.0.9/ref/net10.0/System.Net.Ping.dll /reference:/Users/phmatray/.dotnet/packs/Microsoft.NETCore.App.Ref/10.0.9/ref/net10.0/System.Net.Primitives.dll /reference:/Users/phmatray/.dotnet/packs/Microsoft.NETCore.App.Ref/10.0.9/ref/net10.0/System.Net.Quic.dll /reference:/Users/phmatray/.dotnet/packs/Microsoft.NETCore.App.Ref/10.0.9/ref/net10.0/System.Net.Requests.dll /reference:/Users/phmatray/.dotnet/packs/Microsoft.NETCore.App.Ref/10.0.9/ref/net10.0/System.Net.Security.dll /reference:/Users/phmatray/.dotnet/packs/Microsoft.NETCore.App.Ref/10.0.9/ref/net10.0/System.Net.ServerSentEvents.dll /reference:/Users/phmatray/.dotnet/packs/Microsoft.NETCore.App.Ref/10.0.9/ref/net10.0/System.Net.ServicePoint.dll /reference:/Users/phmatray/.dotnet/packs/Microsoft.NETCore.App.Ref/10.0.9/ref/net10.0/System.Net.Sockets.dll /reference:/Users/phmatray/.dotnet/packs/Microsoft.NETCore.App.Ref/10.0.9/ref/net10.0/System.Net.WebClient.dll /reference:/Users/phmatray/.dotnet/packs/Microsoft.NETCore.App.Ref/10.0.9/ref/net10.0/System.Net.WebHeaderCollection.dll /reference:/Users/phmatray/.dotnet/packs/Microsoft.NETCore.App.Ref/10.0.9/ref/net10.0/System.Net.WebProxy.dll /reference:/Users/phmatray/.dotnet/packs/Microsoft.NETCore.App.Ref/10.0.9/ref/net10.0/System.Net.WebSockets.Client.dll /reference:/Users/phmatray/.dotnet/packs/Microsoft.NETCore.App.Ref/10.0.9/ref/net10.0/System.Net.WebSockets.dll /reference:/Users/phmatray/.dotnet/packs/Microsoft.NETCore.App.Ref/10.0.9/ref/net10.0/System.Numerics.dll /reference:/Users/phmatray/.dotnet/packs/Microsoft.NETCore.App.Ref/10.0.9/ref/net10.0/System.Numerics.Vectors.dll /reference:/Users/phmatray/.dotnet/packs/Microsoft.NETCore.App.Ref/10.0.9/ref/net10.0/System.ObjectModel.dll /reference:/Users/phmatray/.dotnet/packs/Microsoft.NETCore.App.Ref/10.0.9/ref/net10.0/System.Reflection.DispatchProxy.dll /reference:/Users/phmatray/.dotnet/packs/Microsoft.NETCore.App.Ref/10.0.9/ref/net10.0/System.Reflection.dll /reference:/Users/phmatray/.dotnet/packs/Microsoft.NETCore.App.Ref/10.0.9/ref/net10.0/System.Reflection.Emit.dll /reference:/Users/phmatray/.dotnet/packs/Microsoft.NETCore.App.Ref/10.0.9/ref/net10.0/System.Reflection.Emit.ILGeneration.dll /reference:/Users/phmatray/.dotnet/packs/Microsoft.NETCore.App.Ref/10.0.9/ref/net10.0/System.Reflection.Emit.Lightweight.dll /reference:/Users/phmatray/.dotnet/packs/Microsoft.NETCore.App.Ref/10.0.9/ref/net10.0/System.Reflection.Extensions.dll /reference:/Users/phmatray/.dotnet/packs/Microsoft.NETCore.App.Ref/10.0.9/ref/net10.0/System.Reflection.Metadata.dll /reference:/Users/phmatray/.dotnet/packs/Microsoft.NETCore.App.Ref/10.0.9/ref/net10.0/System.Reflection.Primitives.dll /reference:/Users/phmatray/.dotnet/packs/Microsoft.NETCore.App.Ref/10.0.9/ref/net10.0/System.Reflection.TypeExtensions.dll /reference:/Users/phmatray/.dotnet/packs/Microsoft.NETCore.App.Ref/10.0.9/ref/net10.0/System.Resources.Reader.dll /reference:/Users/phmatray/.dotnet/packs/Microsoft.NETCore.App.Ref/10.0.9/ref/net10.0/System.Resources.ResourceManager.dll /reference:/Users/phmatray/.dotnet/packs/Microsoft.NETCore.App.Ref/10.0.9/ref/net10.0/System.Resources.Writer.dll /reference:/Users/phmatray/.dotnet/packs/Microsoft.NETCore.App.Ref/10.0.9/ref/net10.0/System.Runtime.CompilerServices.Unsafe.dll /reference:/Users/phmatray/.dotnet/packs/Microsoft.NETCore.App.Ref/10.0.9/ref/net10.0/System.Runtime.CompilerServices.VisualC.dll /reference:/Users/phmatray/.dotnet/packs/Microsoft.NETCore.App.Ref/10.0.9/ref/net10.0/System.Runtime.dll /reference:/Users/phmatray/.dotnet/packs/Microsoft.NETCore.App.Ref/10.0.9/ref/net10.0/System.Runtime.Extensions.dll /reference:/Users/phmatray/.dotnet/packs/Microsoft.NETCore.App.Ref/10.0.9/ref/net10.0/System.Runtime.Handles.dll /reference:/Users/phmatray/.dotnet/packs/Microsoft.NETCore.App.Ref/10.0.9/ref/net10.0/System.Runtime.InteropServices.dll /reference:/Users/phmatray/.dotnet/packs/Microsoft.NETCore.App.Ref/10.0.9/ref/net10.0/System.Runtime.InteropServices.JavaScript.dll /reference:/Users/phmatray/.dotnet/packs/Microsoft.NETCore.App.Ref/10.0.9/ref/net10.0/System.Runtime.InteropServices.RuntimeInformation.dll /reference:/Users/phmatray/.dotnet/packs/Microsoft.NETCore.App.Ref/10.0.9/ref/net10.0/System.Runtime.Intrinsics.dll /reference:/Users/phmatray/.dotnet/packs/Microsoft.NETCore.App.Ref/10.0.9/ref/net10.0/System.Runtime.Loader.dll /reference:/Users/phmatray/.dotnet/packs/Microsoft.NETCore.App.Ref/10.0.9/ref/net10.0/System.Runtime.Numerics.dll /reference:/Users/phmatray/.dotnet/packs/Microsoft.NETCore.App.Ref/10.0.9/ref/net10.0/System.Runtime.Serialization.dll /reference:/Users/phmatray/.dotnet/packs/Microsoft.NETCore.App.Ref/10.0.9/ref/net10.0/System.Runtime.Serialization.Formatters.dll /reference:/Users/phmatray/.dotnet/packs/Microsoft.NETCore.App.Ref/10.0.9/ref/net10.0/System.Runtime.Serialization.Json.dll /reference:/Users/phmatray/.dotnet/packs/Microsoft.NETCore.App.Ref/10.0.9/ref/net10.0/System.Runtime.Serialization.Primitives.dll /reference:/Users/phmatray/.dotnet/packs/Microsoft.NETCore.App.Ref/10.0.9/ref/net10.0/System.Runtime.Serialization.Xml.dll /reference:/Users/phmatray/.dotnet/packs/Microsoft.NETCore.App.Ref/10.0.9/ref/net10.0/System.Security.AccessControl.dll /reference:/Users/phmatray/.dotnet/packs/Microsoft.NETCore.App.Ref/10.0.9/ref/net10.0/System.Security.Claims.dll /reference:/Users/phmatray/.dotnet/packs/Microsoft.NETCore.App.Ref/10.0.9/ref/net10.0/System.Security.Cryptography.Algorithms.dll /reference:/Users/phmatray/.dotnet/packs/Microsoft.NETCore.App.Ref/10.0.9/ref/net10.0/System.Security.Cryptography.Cng.dll /reference:/Users/phmatray/.dotnet/packs/Microsoft.NETCore.App.Ref/10.0.9/ref/net10.0/System.Security.Cryptography.Csp.dll /reference:/Users/phmatray/.dotnet/packs/Microsoft.NETCore.App.Ref/10.0.9/ref/net10.0/System.Security.Cryptography.dll /reference:/Users/phmatray/.dotnet/packs/Microsoft.NETCore.App.Ref/10.0.9/ref/net10.0/System.Security.Cryptography.Encoding.dll /reference:/Users/phmatray/.dotnet/packs/Microsoft.NETCore.App.Ref/10.0.9/ref/net10.0/System.Security.Cryptography.OpenSsl.dll /reference:/Users/phmatray/.dotnet/packs/Microsoft.NETCore.App.Ref/10.0.9/ref/net10.0/System.Security.Cryptography.Primitives.dll /reference:/Users/phmatray/.dotnet/packs/Microsoft.NETCore.App.Ref/10.0.9/ref/net10.0/System.Security.Cryptography.X509Certificates.dll /reference:/Users/phmatray/.dotnet/packs/Microsoft.NETCore.App.Ref/10.0.9/ref/net10.0/System.Security.dll /reference:/Users/phmatray/.dotnet/packs/Microsoft.NETCore.App.Ref/10.0.9/ref/net10.0/System.Security.Principal.dll /reference:/Users/phmatray/.dotnet/packs/Microsoft.NETCore.App.Ref/10.0.9/ref/net10.0/System.Security.Principal.Windows.dll /reference:/Users/phmatray/.dotnet/packs/Microsoft.NETCore.App.Ref/10.0.9/ref/net10.0/System.Security.SecureString.dll /reference:/Users/phmatray/.dotnet/packs/Microsoft.NETCore.App.Ref/10.0.9/ref/net10.0/System.ServiceModel.Web.dll /reference:/Users/phmatray/.dotnet/packs/Microsoft.NETCore.App.Ref/10.0.9/ref/net10.0/System.ServiceProcess.dll /reference:/Users/phmatray/.dotnet/packs/Microsoft.NETCore.App.Ref/10.0.9/ref/net10.0/System.Text.Encoding.CodePages.dll /reference:/Users/phmatray/.dotnet/packs/Microsoft.NETCore.App.Ref/10.0.9/ref/net10.0/System.Text.Encoding.dll /reference:/Users/phmatray/.dotnet/packs/Microsoft.NETCore.App.Ref/10.0.9/ref/net10.0/System.Text.Encoding.Extensions.dll /reference:/Users/phmatray/.dotnet/packs/Microsoft.NETCore.App.Ref/10.0.9/ref/net10.0/System.Text.Encodings.Web.dll /reference:/Users/phmatray/.dotnet/packs/Microsoft.NETCore.App.Ref/10.0.9/ref/net10.0/System.Text.Json.dll /reference:/Users/phmatray/.dotnet/packs/Microsoft.NETCore.App.Ref/10.0.9/ref/net10.0/System.Text.RegularExpressions.dll /reference:/Users/phmatray/.dotnet/packs/Microsoft.NETCore.App.Ref/10.0.9/ref/net10.0/System.Threading.AccessControl.dll /reference:/Users/phmatray/.dotnet/packs/Microsoft.NETCore.App.Ref/10.0.9/ref/net10.0/System.Threading.Channels.dll /reference:/Users/phmatray/.dotnet/packs/Microsoft.NETCore.App.Ref/10.0.9/ref/net10.0/System.Threading.dll /reference:/Users/phmatray/.dotnet/packs/Microsoft.NETCore.App.Ref/10.0.9/ref/net10.0/System.Threading.Overlapped.dll /reference:/Users/phmatray/.dotnet/packs/Microsoft.NETCore.App.Ref/10.0.9/ref/net10.0/System.Threading.Tasks.Dataflow.dll /reference:/Users/phmatray/.dotnet/packs/Microsoft.NETCore.App.Ref/10.0.9/ref/net10.0/System.Threading.Tasks.dll /reference:/Users/phmatray/.dotnet/packs/Microsoft.NETCore.App.Ref/10.0.9/ref/net10.0/System.Threading.Tasks.Extensions.dll /reference:/Users/phmatray/.dotnet/packs/Microsoft.NETCore.App.Ref/10.0.9/ref/net10.0/System.Threading.Tasks.Parallel.dll /reference:/Users/phmatray/.dotnet/packs/Microsoft.NETCore.App.Ref/10.0.9/ref/net10.0/System.Threading.Thread.dll /reference:/Users/phmatray/.dotnet/packs/Microsoft.NETCore.App.Ref/10.0.9/ref/net10.0/System.Threading.ThreadPool.dll /reference:/Users/phmatray/.dotnet/packs/Microsoft.NETCore.App.Ref/10.0.9/ref/net10.0/System.Threading.Timer.dll /reference:/Users/phmatray/.dotnet/packs/Microsoft.NETCore.App.Ref/10.0.9/ref/net10.0/System.Transactions.dll /reference:/Users/phmatray/.dotnet/packs/Microsoft.NETCore.App.Ref/10.0.9/ref/net10.0/System.Transactions.Local.dll /reference:/Users/phmatray/.dotnet/packs/Microsoft.NETCore.App.Ref/10.0.9/ref/net10.0/System.ValueTuple.dll /reference:/Users/phmatray/.dotnet/packs/Microsoft.NETCore.App.Ref/10.0.9/ref/net10.0/System.Web.dll /reference:/Users/phmatray/.dotnet/packs/Microsoft.NETCore.App.Ref/10.0.9/ref/net10.0/System.Web.HttpUtility.dll /reference:/Users/phmatray/.dotnet/packs/Microsoft.NETCore.App.Ref/10.0.9/ref/net10.0/System.Windows.dll /reference:/Users/phmatray/.dotnet/packs/Microsoft.NETCore.App.Ref/10.0.9/ref/net10.0/System.Xml.dll /reference:/Users/phmatray/.dotnet/packs/Microsoft.NETCore.App.Ref/10.0.9/ref/net10.0/System.Xml.Linq.dll /reference:/Users/phmatray/.dotnet/packs/Microsoft.NETCore.App.Ref/10.0.9/ref/net10.0/System.Xml.ReaderWriter.dll /reference:/Users/phmatray/.dotnet/packs/Microsoft.NETCore.App.Ref/10.0.9/ref/net10.0/System.Xml.Serialization.dll /reference:/Users/phmatray/.dotnet/packs/Microsoft.NETCore.App.Ref/10.0.9/ref/net10.0/System.Xml.XDocument.dll /reference:/Users/phmatray/.dotnet/packs/Microsoft.NETCore.App.Ref/10.0.9/ref/net10.0/System.Xml.XmlDocument.dll /reference:/Users/phmatray/.dotnet/packs/Microsoft.NETCore.App.Ref/10.0.9/ref/net10.0/System.Xml.XmlSerializer.dll /reference:/Users/phmatray/.dotnet/packs/Microsoft.NETCore.App.Ref/10.0.9/ref/net10.0/System.Xml.XPath.dll /reference:/Users/phmatray/.dotnet/packs/Microsoft.NETCore.App.Ref/10.0.9/ref/net10.0/System.Xml.XPath.XDocument.dll /reference:/Users/phmatray/.nuget/packages/microsoft.testplatform.testhost/18.8.1/lib/net8.0/testhost.dll /reference:/Users/phmatray/.dotnet/packs/Microsoft.NETCore.App.Ref/10.0.9/ref/net10.0/WindowsBase.dll /reference:/Users/phmatray/Repositories/Atypical-Consulting/public/x402-dotnet/src/X402.Core/obj/Debug/net10.0/ref/X402.Core.dll /reference:/Users/phmatray/.nuget/packages/xunit.v3.assert/3.2.2/lib/net8.0/xunit.v3.assert.dll /reference:/Users/phmatray/.nuget/packages/xunit.v3.common/3.2.2/lib/netstandard2.0/xunit.v3.common.dll /reference:/Users/phmatray/.nuget/packages/xunit.v3.extensibility.core/3.2.2/lib/netstandard2.0/xunit.v3.core.dll /reference:/Users/phmatray/.nuget/packages/xunit.v3.core.mtp-v1/3.2.2/lib/net8.0/xunit.v3.mtp-v1.dll /reference:/Users/phmatray/.nuget/packages/xunit.v3.runner.common/3.2.2/lib/netstandard2.0/xunit.v3.runner.common.dll /reference:/Users/phmatray/.nuget/packages/xunit.v3.runner.inproc.console/3.2.2/lib/net8.0/xunit.v3.runner.inproc.console.dll /features:"InterceptorsNamespaces=;Microsoft.Extensions.Validation.Generated" /debug+ /debug:portable /filealign:512 /optimize- /out:obj/Debug/net10.0/X402.Core.Tests.dll /refout:obj/Debug/net10.0/refint/X402.Core.Tests.dll /target:exe /warnaserror+ /utf8output /deterministic+ /sourcelink:obj/Debug/net10.0/X402.Core.Tests.sourcelink.json /langversion:latest /embed:obj/Debug/net10.0/X402.Core.Tests.GlobalUsings.g.cs /embed:"obj/Debug/net10.0/.NETCoreApp,Version=v10.0.AssemblyAttributes.cs" /embed:/Users/phmatray/Repositories/Atypical-Consulting/public/x402-dotnet/tests/X402.Core.Tests/obj/Debug/net10.0/SelfRegisteredExtensions.cs /embed:/Users/phmatray/.nuget/packages/xunit.v3.core.mtp-v1/3.2.2/buildTransitive/../_content/DefaultRunnerReporters.cs /embed:/Users/phmatray/Repositories/Atypical-Consulting/public/x402-dotnet/tests/X402.Core.Tests/obj/Debug/net10.0/XunitAutoGeneratedEntryPoint.cs /embed:obj/Debug/net10.0/X402.Core.Tests.AssemblyInfo.cs /analyzerconfig:/Users/phmatray/Repositories/Atypical-Consulting/public/x402-dotnet/.editorconfig /analyzerconfig:obj/Debug/net10.0/X402.Core.Tests.GeneratedMSBuildEditorConfig.editorconfig /analyzerconfig:/opt/homebrew/Cellar/dotnet/10.0.301/libexec/sdk/10.0.301/Sdks/Microsoft.NET.Sdk/analyzers/build/config/analysislevel_10_default.globalconfig /analyzer:/opt/homebrew/Cellar/dotnet/10.0.301/libexec/sdk/10.0.301/Sdks/Microsoft.NET.Sdk/targets/../analyzers/Microsoft.CodeAnalysis.CSharp.NetAnalyzers.dll /analyzer:/opt/homebrew/Cellar/dotnet/10.0.301/libexec/sdk/10.0.301/Sdks/Microsoft.NET.Sdk/targets/../analyzers/Microsoft.CodeAnalysis.NetAnalyzers.dll /analyzer:/opt/homebrew/Cellar/dotnet/10.0.301/libexec/sdk/10.0.301/Sdks/Microsoft.NET.Sdk/targets/../codestyle/cs/Microsoft.CodeAnalysis.CodeStyle.dll /analyzer:/opt/homebrew/Cellar/dotnet/10.0.301/libexec/sdk/10.0.301/Sdks/Microsoft.NET.Sdk/targets/../codestyle/cs/Microsoft.CodeAnalysis.CodeStyle.Fixes.dll /analyzer:/opt/homebrew/Cellar/dotnet/10.0.301/libexec/sdk/10.0.301/Sdks/Microsoft.NET.Sdk/targets/../codestyle/cs/Microsoft.CodeAnalysis.CSharp.CodeStyle.dll /analyzer:/opt/homebrew/Cellar/dotnet/10.0.301/libexec/sdk/10.0.301/Sdks/Microsoft.NET.Sdk/targets/../codestyle/cs/Microsoft.CodeAnalysis.CSharp.CodeStyle.Fixes.dll /analyzer:/Users/phmatray/.nuget/packages/microsoft.extensions.logging.abstractions/10.0.10/analyzers/dotnet/roslyn4.4/cs/Microsoft.Extensions.Logging.Generators.dll /analyzer:/Users/phmatray/.nuget/packages/xunit.analyzers/1.27.0/analyzers/dotnet/cs/xunit.analyzers.dll /analyzer:/Users/phmatray/.nuget/packages/xunit.analyzers/1.27.0/analyzers/dotnet/cs/xunit.analyzers.fixes.dll /analyzer:/Users/phmatray/.dotnet/packs/Microsoft.NETCore.App.Ref/10.0.9/analyzers/dotnet/cs/Microsoft.Interop.ComInterfaceGenerator.dll /analyzer:/Users/phmatray/.dotnet/packs/Microsoft.NETCore.App.Ref/10.0.9/analyzers/dotnet/cs/Microsoft.Interop.JavaScript.JSImportGenerator.dll /analyzer:/Users/phmatray/.dotnet/packs/Microsoft.NETCore.App.Ref/10.0.9/analyzers/dotnet/cs/Microsoft.Interop.LibraryImportGenerator.dll /analyzer:/Users/phmatray/.dotnet/packs/Microsoft.NETCore.App.Ref/10.0.9/analyzers/dotnet/cs/Microsoft.Interop.SourceGeneration.dll /analyzer:/Users/phmatray/.dotnet/packs/Microsoft.NETCore.App.Ref/10.0.9/analyzers/dotnet/cs/System.Text.Json.SourceGeneration.dll /analyzer:/Users/phmatray/.dotnet/packs/Microsoft.NETCore.App.Ref/10.0.9/analyzers/dotnet/cs/System.Text.RegularExpressions.Generator.dll Caip2NetworkTests.cs ExactEvmPayloadTests.cs KnownAssetsTests.cs PriceSetTests.cs PriceTests.cs SpecVectorRoundTripTests.cs vectors/SpecVectorSource.cs X402CodecTests.cs obj/Debug/net10.0/X402.Core.Tests.GlobalUsings.g.cs "obj/Debug/net10.0/.NETCoreApp,Version=v10.0.AssemblyAttributes.cs" /Users/phmatray/Repositories/Atypical-Consulting/public/x402-dotnet/tests/X402.Core.Tests/obj/Debug/net10.0/SelfRegisteredExtensions.cs /Users/phmatray/.nuget/packages/xunit.v3.core.mtp-v1/3.2.2/buildTransitive/../_content/DefaultRunnerReporters.cs /Users/phmatray/Repositories/Atypical-Consulting/public/x402-dotnet/tests/X402.Core.Tests/obj/Debug/net10.0/XunitAutoGeneratedEntryPoint.cs obj/Debug/net10.0/X402.Core.Tests.AssemblyInfo.cs /warnaserror+:NU1605,SYSLIB0011
         Compilation request X402.Core.Tests (net10.0), PathToTool=/opt/homebrew/Cellar/dotnet/10.0.301/libexec/sdk/10.0.301/Roslyn/bincore/csc
         CommandLine = ' /noconfig'
         BuildResponseFile = '/unsafe- /checked- /nowarn:1701,1702,1701,1702,8002 /fullpaths /nostdlib+ /errorreport:prompt /warn:10 /define:TRACE;DEBUG;NET;NET10_0;NETCOREAPP;NET5_0_OR_GREATER;NET6_0_OR_GREATER;NET7_0_OR_GREATER;NET8_0_OR_GREATER;NET9_0_OR_GREATER;NET10_0_OR_GREATER;NETCOREAPP1_0_OR_GREATER;NETCOREAPP1_1_OR_GREATER;NETCOREAPP2_0_OR_GREATER;NETCOREAPP2_1_OR_GREATER;NETCOREAPP2_2_OR_GREATER;NETCOREAPP3_0_OR_GREATER;NETCOREAPP3_1_OR_GREATER /highentropyva+ /nullable:enable /reference:/Users/phmatray/.nuget/packages/diffengine/11.3.0/lib/net7.0/DiffEngine.dll /reference:/Users/phmatray/.nuget/packages/emptyfiles/4.4.0/lib/net7.0/EmptyFiles.dll /reference:/Users/phmatray/.nuget/packages/microsoft.applicationinsights/2.23.0/lib/netstandard2.0/Microsoft.ApplicationInsights.dll /reference:/Users/phmatray/.nuget/packages/microsoft.bcl.asyncinterfaces/6.0.0/lib/netstandard2.1/Microsoft.Bcl.AsyncInterfaces.dll /reference:/Users/phmatray/.dotnet/packs/Microsoft.NETCore.App.Ref/10.0.9/ref/net10.0/Microsoft.CSharp.dll /reference:/Users/phmatray/.nuget/packages/microsoft.extensions.dependencyinjection.abstractions/10.0.10/lib/net10.0/Microsoft.Extensions.DependencyInjection.Abstractions.dll /reference:/Users/phmatray/.nuget/packages/microsoft.extensions.logging.abstractions/10.0.10/lib/net10.0/Microsoft.Extensions.Logging.Abstractions.dll /reference:/Users/phmatray/.nuget/packages/microsoft.testing.platform.msbuild/1.9.1/lib/net9.0/Microsoft.Testing.Extensions.MSBuild.dll /reference:/Users/phmatray/.nuget/packages/microsoft.testing.extensions.telemetry/1.9.1/lib/net9.0/Microsoft.Testing.Extensions.Telemetry.dll /reference:/Users/phmatray/.nuget/packages/microsoft.testing.extensions.trxreport.abstractions/1.9.1/lib/net9.0/Microsoft.Testing.Extensions.TrxReport.Abstractions.dll /reference:/Users/phmatray/.nuget/packages/microsoft.testing.platform/1.9.1/lib/net9.0/Microsoft.Testing.Platform.dll /reference:/Users/phmatray/.nuget/packages/microsoft.testplatform.testhost/18.8.1/lib/net8.0/Microsoft.TestPlatform.CommunicationUtilities.dll /reference:/Users/phmatray/.nuget/packages/microsoft.testplatform.testhost/18.8.1/lib/net8.0/Microsoft.TestPlatform.CoreUtilities.dll /reference:/Users/phmatray/.nuget/packages/microsoft.testplatform.testhost/18.8.1/lib/net8.0/Microsoft.TestPlatform.CrossPlatEngine.dll /reference:/Users/phmatray/.nuget/packages/microsoft.testplatform.testhost/18.8.1/lib/net8.0/Microsoft.TestPlatform.PlatformAbstractions.dll /reference:/Users/phmatray/.nuget/packages/microsoft.testplatform.testhost/18.8.1/lib/net8.0/Microsoft.TestPlatform.Utilities.dll /reference:/Users/phmatray/.dotnet/packs/Microsoft.NETCore.App.Ref/10.0.9/ref/net10.0/Microsoft.VisualBasic.Core.dll /reference:/Users/phmatray/.dotnet/packs/Microsoft.NETCore.App.Ref/10.0.9/ref/net10.0/Microsoft.VisualBasic.dll /reference:/Users/phmatray/.nuget/packages/microsoft.codecoverage/18.8.1/lib/net8.0/Microsoft.VisualStudio.CodeCoverage.Shim.dll /reference:/Users/phmatray/.nuget/packages/microsoft.testplatform.testhost/18.8.1/lib/net8.0/Microsoft.VisualStudio.TestPlatform.Common.dll /reference:/Users/phmatray/.nuget/packages/microsoft.testplatform.testhost/18.8.1/lib/net8.0/Microsoft.VisualStudio.TestPlatform.ObjectModel.dll /reference:/Users/phmatray/.dotnet/packs/Microsoft.NETCore.App.Ref/10.0.9/ref/net10.0/Microsoft.Win32.Primitives.dll /reference:/Users/phmatray/.dotnet/packs/Microsoft.NETCore.App.Ref/10.0.9/ref/net10.0/Microsoft.Win32.Registry.dll /reference:/Users/phmatray/.dotnet/packs/Microsoft.NETCore.App.Ref/10.0.9/ref/net10.0/mscorlib.dll /reference:/Users/phmatray/.dotnet/packs/Microsoft.NETCore.App.Ref/10.0.9/ref/net10.0/netstandard.dll /reference:/Users/phmatray/.nuget/packages/shouldly/4.3.0/lib/net9.0/Shouldly.dll /reference:/Users/phmatray/.dotnet/packs/Microsoft.NETCore.App.Ref/10.0.9/ref/net10.0/System.AppContext.dll /reference:/Users/phmatray/.dotnet/packs/Microsoft.NETCore.App.Ref/10.0.9/ref/net10.0/System.Buffers.dll /reference:/Users/phmatray/.nuget/packages/system.codedom/6.0.0/lib/net6.0/System.CodeDom.dll /reference:/Users/phmatray/.dotnet/packs/Microsoft.NETCore.App.Ref/10.0.9/ref/net10.0/System.Collections.Concurrent.dll /reference:/Users/phmatray/.dotnet/packs/Microsoft.NETCore.App.Ref/10.0.9/ref/net10.0/System.Collections.dll /reference:/Users/phmatray/.dotnet/packs/Microsoft.NETCore.App.Ref/10.0.9/ref/net10.0/System.Collections.Immutable.dll /reference:/Users/phmatray/.dotnet/packs/Microsoft.NETCore.App.Ref/10.0.9/ref/net10.0/System.Collections.NonGeneric.dll /reference:/Users/phmatray/.dotnet/packs/Microsoft.NETCore.App.Ref/10.0.9/ref/net10.0/System.Collections.Specialized.dll /reference:/Users/phmatray/.dotnet/packs/Microsoft.NETCore.App.Ref/10.0.9/ref/net10.0/System.ComponentModel.Annotations.dll /reference:/Users/phmatray/.dotnet/packs/Microsoft.NETCore.App.Ref/10.0.9/ref/net10.0/System.ComponentModel.DataAnnotations.dll /reference:/Users/phmatray/.dotnet/packs/Microsoft.NETCore.App.Ref/10.0.9/ref/net10.0/System.ComponentModel.dll /reference:/Users/phmatray/.dotnet/packs/Microsoft.NETCore.App.Ref/10.0.9/ref/net10.0/System.ComponentModel.EventBasedAsync.dll /reference:/Users/phmatray/.dotnet/packs/Microsoft.NETCore.App.Ref/10.0.9/ref/net10.0/System.ComponentModel.Primitives.dll /reference:/Users/phmatray/.dotnet/packs/Microsoft.NETCore.App.Ref/10.0.9/ref/net10.0/System.ComponentModel.TypeConverter.dll /reference:/Users/phmatray/.dotnet/packs/Microsoft.NETCore.App.Ref/10.0.9/ref/net10.0/System.Configuration.dll /reference:/Users/phmatray/.dotnet/packs/Microsoft.NETCore.App.Ref/10.0.9/ref/net10.0/System.Console.dll /reference:/Users/phmatray/.dotnet/packs/Microsoft.NETCore.App.Ref/10.0.9/ref/net10.0/System.Core.dll /reference:/Users/phmatray/.dotnet/packs/Microsoft.NETCore.App.Ref/10.0.9/ref/net10.0/System.Data.Common.dll /reference:/Users/phmatray/.dotnet/packs/Microsoft.NETCore.App.Ref/10.0.9/ref/net10.0/System.Data.DataSetExtensions.dll /reference:/Users/phmatray/.dotnet/packs/Microsoft.NETCore.App.Ref/10.0.9/ref/net10.0/System.Data.dll /reference:/Users/phmatray/.dotnet/packs/Microsoft.NETCore.App.Ref/10.0.9/ref/net10.0/System.Diagnostics.Contracts.dll /reference:/Users/phmatray/.dotnet/packs/Microsoft.NETCore.App.Ref/10.0.9/ref/net10.0/System.Diagnostics.Debug.dll /reference:/Users/phmatray/.dotnet/packs/Microsoft.NETCore.App.Ref/10.0.9/ref/net10.0/System.Diagnostics.DiagnosticSource.dll /reference:/Users/phmatray/.dotnet/packs/Microsoft.NETCore.App.Ref/10.0.9/ref/net10.0/System.Diagnostics.FileVersionInfo.dll /reference:/Users/phmatray/.dotnet/packs/Microsoft.NETCore.App.Ref/10.0.9/ref/net10.0/System.Diagnostics.Process.dll /reference:/Users/phmatray/.dotnet/packs/Microsoft.NETCore.App.Ref/10.0.9/ref/net10.0/System.Diagnostics.StackTrace.dll /reference:/Users/phmatray/.dotnet/packs/Microsoft.NETCore.App.Ref/10.0.9/ref/net10.0/System.Diagnostics.TextWriterTraceListener.dll /reference:/Users/phmatray/.dotnet/packs/Microsoft.NETCore.App.Ref/10.0.9/ref/net10.0/System.Diagnostics.Tools.dll /reference:/Users/phmatray/.dotnet/packs/Microsoft.NETCore.App.Ref/10.0.9/ref/net10.0/System.Diagnostics.TraceSource.dll /reference:/Users/phmatray/.dotnet/packs/Microsoft.NETCore.App.Ref/10.0.9/ref/net10.0/System.Diagnostics.Tracing.dll /reference:/Users/phmatray/.dotnet/packs/Microsoft.NETCore.App.Ref/10.0.9/ref/net10.0/System.dll /reference:/Users/phmatray/.dotnet/packs/Microsoft.NETCore.App.Ref/10.0.9/ref/net10.0/System.Drawing.dll /reference:/Users/phmatray/.dotnet/packs/Microsoft.NETCore.App.Ref/10.0.9/ref/net10.0/System.Drawing.Primitives.dll /reference:/Users/phmatray/.dotnet/packs/Microsoft.NETCore.App.Ref/10.0.9/ref/net10.0/System.Dynamic.Runtime.dll /reference:/Users/phmatray/.dotnet/packs/Microsoft.NETCore.App.Ref/10.0.9/ref/net10.0/System.Formats.Asn1.dll /reference:/Users/phmatray/.dotnet/packs/Microsoft.NETCore.App.Ref/10.0.9/ref/net10.0/System.Formats.Tar.dll /reference:/Users/phmatray/.dotnet/packs/Microsoft.NETCore.App.Ref/10.0.9/ref/net10.0/System.Globalization.Calendars.dll /reference:/Users/phmatray/.dotnet/packs/Microsoft.NETCore.App.Ref/10.0.9/ref/net10.0/System.Globalization.dll /reference:/Users/phmatray/.dotnet/packs/Microsoft.NETCore.App.Ref/10.0.9/ref/net10.0/System.Globalization.Extensions.dll /reference:/Users/phmatray/.dotnet/packs/Microsoft.NETCore.App.Ref/10.0.9/ref/net10.0/System.IO.Compression.Brotli.dll /reference:/Users/phmatray/.dotnet/packs/Microsoft.NETCore.App.Ref/10.0.9/ref/net10.0/System.IO.Compression.dll /reference:/Users/phmatray/.dotnet/packs/Microsoft.NETCore.App.Ref/10.0.9/ref/net10.0/System.IO.Compression.FileSystem.dll /reference:/Users/phmatray/.dotnet/packs/Microsoft.NETCore.App.Ref/10.0.9/ref/net10.0/System.IO.Compression.ZipFile.dll /reference:/Users/phmatray/.dotnet/packs/Microsoft.NETCore.App.Ref/10.0.9/ref/net10.0/System.IO.dll /reference:/Users/phmatray/.dotnet/packs/Microsoft.NETCore.App.Ref/10.0.9/ref/net10.0/System.IO.FileSystem.AccessControl.dll /reference:/Users/phmatray/.dotnet/packs/Microsoft.NETCore.App.Ref/10.0.9/ref/net10.0/System.IO.FileSystem.dll /reference:/Users/phmatray/.dotnet/packs/Microsoft.NETCore.App.Ref/10.0.9/ref/net10.0/System.IO.FileSystem.DriveInfo.dll /reference:/Users/phmatray/.dotnet/packs/Microsoft.NETCore.App.Ref/10.0.9/ref/net10.0/System.IO.FileSystem.Primitives.dll /reference:/Users/phmatray/.dotnet/packs/Microsoft.NETCore.App.Ref/10.0.9/ref/net10.0/System.IO.FileSystem.Watcher.dll /reference:/Users/phmatray/.dotnet/packs/Microsoft.NETCore.App.Ref/10.0.9/ref/net10.0/System.IO.IsolatedStorage.dll /reference:/Users/phmatray/.dotnet/packs/Microsoft.NETCore.App.Ref/10.0.9/ref/net10.0/System.IO.MemoryMappedFiles.dll /reference:/Users/phmatray/.dotnet/packs/Microsoft.NETCore.App.Ref/10.0.9/ref/net10.0/System.IO.Pipelines.dll /reference:/Users/phmatray/.dotnet/packs/Microsoft.NETCore.App.Ref/10.0.9/ref/net10.0/System.IO.Pipes.AccessControl.dll /reference:/Users/phmatray/.dotnet/packs/Microsoft.NETCore.App.Ref/10.0.9/ref/net10.0/System.IO.Pipes.dll /reference:/Users/phmatray/.dotnet/packs/Microsoft.NETCore.App.Ref/10.0.9/ref/net10.0/System.IO.UnmanagedMemoryStream.dll /reference:/Users/phmatray/.dotnet/packs/Microsoft.NETCore.App.Ref/10.0.9/ref/net10.0/System.Linq.AsyncEnumerable.dll /reference:/Users/phmatray/.dotnet/packs/Microsoft.NETCore.App.Ref/10.0.9/ref/net10.0/System.Linq.dll /reference:/Users/phmatray/.dotnet/packs/Microsoft.NETCore.App.Ref/10.0.9/ref/net10.0/System.Linq.Expressions.dll /reference:/Users/phmatray/.dotnet/packs/Microsoft.NETCore.App.Ref/10.0.9/ref/net10.0/System.Linq.Parallel.dll /reference:/Users/phmatray/.dotnet/packs/Microsoft.NETCore.App.Ref/10.0.9/ref/net10.0/System.Linq.Queryable.dll /reference:/Users/phmatray/.nuget/packages/system.management/6.0.1/lib/net6.0/System.Management.dll /reference:/Users/phmatray/.dotnet/packs/Microsoft.NETCore.App.Ref/10.0.9/ref/net10.0/System.Memory.dll /reference:/Users/phmatray/.dotnet/packs/Microsoft.NETCore.App.Ref/10.0.9/ref/net10.0/System.Net.dll /reference:/Users/phmatray/.dotnet/packs/Microsoft.NETCore.App.Ref/10.0.9/ref/net10.0/System.Net.Http.dll /reference:/Users/phmatray/.dotnet/packs/Microsoft.NETCore.App.Ref/10.0.9/ref/net10.0/System.Net.Http.Json.dll /reference:/Users/phmatray/.dotnet/packs/Microsoft.NETCore.App.Ref/10.0.9/ref/net10.0/System.Net.HttpListener.dll /reference:/Users/phmatray/.dotnet/packs/Microsoft.NETCore.App.Ref/10.0.9/ref/net10.0/System.Net.Mail.dll /reference:/Users/phmatray/.dotnet/packs/Microsoft.NETCore.App.Ref/10.0.9/ref/net10.0/System.Net.NameResolution.dll /reference:/Users/phmatray/.dotnet/packs/Microsoft.NETCore.App.Ref/10.0.9/ref/net10.0/System.Net.NetworkInformation.dll /reference:/Users/phmatray/.dotnet/packs/Microsoft.NETCore.App.Ref/10.0.9/ref/net10.0/System.Net.Ping.dll /reference:/Users/phmatray/.dotnet/packs/Microsoft.NETCore.App.Ref/10.0.9/ref/net10.0/System.Net.Primitives.dll /reference:/Users/phmatray/.dotnet/packs/Microsoft.NETCore.App.Ref/10.0.9/ref/net10.0/System.Net.Quic.dll /reference:/Users/phmatray/.dotnet/packs/Microsoft.NETCore.App.Ref/10.0.9/ref/net10.0/System.Net.Requests.dll /reference:/Users/phmatray/.dotnet/packs/Microsoft.NETCore.App.Ref/10.0.9/ref/net10.0/System.Net.Security.dll /reference:/Users/phmatray/.dotnet/packs/Microsoft.NETCore.App.Ref/10.0.9/ref/net10.0/System.Net.ServerSentEvents.dll /reference:/Users/phmatray/.dotnet/packs/Microsoft.NETCore.App.Ref/10.0.9/ref/net10.0/System.Net.ServicePoint.dll /reference:/Users/phmatray/.dotnet/packs/Microsoft.NETCore.App.Ref/10.0.9/ref/net10.0/System.Net.Sockets.dll /reference:/Users/phmatray/.dotnet/packs/Microsoft.NETCore.App.Ref/10.0.9/ref/net10.0/System.Net.WebClient.dll /reference:/Users/phmatray/.dotnet/packs/Microsoft.NETCore.App.Ref/10.0.9/ref/net10.0/System.Net.WebHeaderCollection.dll /reference:/Users/phmatray/.dotnet/packs/Microsoft.NETCore.App.Ref/10.0.9/ref/net10.0/System.Net.WebProxy.dll /reference:/Users/phmatray/.dotnet/packs/Microsoft.NETCore.App.Ref/10.0.9/ref/net10.0/System.Net.WebSockets.Client.dll /reference:/Users/phmatray/.dotnet/packs/Microsoft.NETCore.App.Ref/10.0.9/ref/net10.0/System.Net.WebSockets.dll /reference:/Users/phmatray/.dotnet/packs/Microsoft.NETCore.App.Ref/10.0.9/ref/net10.0/System.Numerics.dll /reference:/Users/phmatray/.dotnet/packs/Microsoft.NETCore.App.Ref/10.0.9/ref/net10.0/System.Numerics.Vectors.dll /reference:/Users/phmatray/.dotnet/packs/Microsoft.NETCore.App.Ref/10.0.9/ref/net10.0/System.ObjectModel.dll /reference:/Users/phmatray/.dotnet/packs/Microsoft.NETCore.App.Ref/10.0.9/ref/net10.0/System.Reflection.DispatchProxy.dll /reference:/Users/phmatray/.dotnet/packs/Microsoft.NETCore.App.Ref/10.0.9/ref/net10.0/System.Reflection.dll /reference:/Users/phmatray/.dotnet/packs/Microsoft.NETCore.App.Ref/10.0.9/ref/net10.0/System.Reflection.Emit.dll /reference:/Users/phmatray/.dotnet/packs/Microsoft.NETCore.App.Ref/10.0.9/ref/net10.0/System.Reflection.Emit.ILGeneration.dll /reference:/Users/phmatray/.dotnet/packs/Microsoft.NETCore.App.Ref/10.0.9/ref/net10.0/System.Reflection.Emit.Lightweight.dll /reference:/Users/phmatray/.dotnet/packs/Microsoft.NETCore.App.Ref/10.0.9/ref/net10.0/System.Reflection.Extensions.dll /reference:/Users/phmatray/.dotnet/packs/Microsoft.NETCore.App.Ref/10.0.9/ref/net10.0/System.Reflection.Metadata.dll /reference:/Users/phmatray/.dotnet/packs/Microsoft.NETCore.App.Ref/10.0.9/ref/net10.0/System.Reflection.Primitives.dll /reference:/Users/phmatray/.dotnet/packs/Microsoft.NETCore.App.Ref/10.0.9/ref/net10.0/System.Reflection.TypeExtensions.dll /reference:/Users/phmatray/.dotnet/packs/Microsoft.NETCore.App.Ref/10.0.9/ref/net10.0/System.Resources.Reader.dll /reference:/Users/phmatray/.dotnet/packs/Microsoft.NETCore.App.Ref/10.0.9/ref/net10.0/System.Resources.ResourceManager.dll /reference:/Users/phmatray/.dotnet/packs/Microsoft.NETCore.App.Ref/10.0.9/ref/net10.0/System.Resources.Writer.dll /reference:/Users/phmatray/.dotnet/packs/Microsoft.NETCore.App.Ref/10.0.9/ref/net10.0/System.Runtime.CompilerServices.Unsafe.dll /reference:/Users/phmatray/.dotnet/packs/Microsoft.NETCore.App.Ref/10.0.9/ref/net10.0/System.Runtime.CompilerServices.VisualC.dll /reference:/Users/phmatray/.dotnet/packs/Microsoft.NETCore.App.Ref/10.0.9/ref/net10.0/System.Runtime.dll /reference:/Users/phmatray/.dotnet/packs/Microsoft.NETCore.App.Ref/10.0.9/ref/net10.0/System.Runtime.Extensions.dll /reference:/Users/phmatray/.dotnet/packs/Microsoft.NETCore.App.Ref/10.0.9/ref/net10.0/System.Runtime.Handles.dll /reference:/Users/phmatray/.dotnet/packs/Microsoft.NETCore.App.Ref/10.0.9/ref/net10.0/System.Runtime.InteropServices.dll /reference:/Users/phmatray/.dotnet/packs/Microsoft.NETCore.App.Ref/10.0.9/ref/net10.0/System.Runtime.InteropServices.JavaScript.dll /reference:/Users/phmatray/.dotnet/packs/Microsoft.NETCore.App.Ref/10.0.9/ref/net10.0/System.Runtime.InteropServices.RuntimeInformation.dll /reference:/Users/phmatray/.dotnet/packs/Microsoft.NETCore.App.Ref/10.0.9/ref/net10.0/System.Runtime.Intrinsics.dll /reference:/Users/phmatray/.dotnet/packs/Microsoft.NETCore.App.Ref/10.0.9/ref/net10.0/System.Runtime.Loader.dll /reference:/Users/phmatray/.dotnet/packs/Microsoft.NETCore.App.Ref/10.0.9/ref/net10.0/System.Runtime.Numerics.dll /reference:/Users/phmatray/.dotnet/packs/Microsoft.NETCore.App.Ref/10.0.9/ref/net10.0/System.Runtime.Serialization.dll /reference:/Users/phmatray/.dotnet/packs/Microsoft.NETCore.App.Ref/10.0.9/ref/net10.0/System.Runtime.Serialization.Formatters.dll /reference:/Users/phmatray/.dotnet/packs/Microsoft.NETCore.App.Ref/10.0.9/ref/net10.0/System.Runtime.Serialization.Json.dll /reference:/Users/phmatray/.dotnet/packs/Microsoft.NETCore.App.Ref/10.0.9/ref/net10.0/System.Runtime.Serialization.Primitives.dll /reference:/Users/phmatray/.dotnet/packs/Microsoft.NETCore.App.Ref/10.0.9/ref/net10.0/System.Runtime.Serialization.Xml.dll /reference:/Users/phmatray/.dotnet/packs/Microsoft.NETCore.App.Ref/10.0.9/ref/net10.0/System.Security.AccessControl.dll /reference:/Users/phmatray/.dotnet/packs/Microsoft.NETCore.App.Ref/10.0.9/ref/net10.0/System.Security.Claims.dll /reference:/Users/phmatray/.dotnet/packs/Microsoft.NETCore.App.Ref/10.0.9/ref/net10.0/System.Security.Cryptography.Algorithms.dll /reference:/Users/phmatray/.dotnet/packs/Microsoft.NETCore.App.Ref/10.0.9/ref/net10.0/System.Security.Cryptography.Cng.dll /reference:/Users/phmatray/.dotnet/packs/Microsoft.NETCore.App.Ref/10.0.9/ref/net10.0/System.Security.Cryptography.Csp.dll /reference:/Users/phmatray/.dotnet/packs/Microsoft.NETCore.App.Ref/10.0.9/ref/net10.0/System.Security.Cryptography.dll /reference:/Users/phmatray/.dotnet/packs/Microsoft.NETCore.App.Ref/10.0.9/ref/net10.0/System.Security.Cryptography.Encoding.dll /reference:/Users/phmatray/.dotnet/packs/Microsoft.NETCore.App.Ref/10.0.9/ref/net10.0/System.Security.Cryptography.OpenSsl.dll /reference:/Users/phmatray/.dotnet/packs/Microsoft.NETCore.App.Ref/10.0.9/ref/net10.0/System.Security.Cryptography.Primitives.dll /reference:/Users/phmatray/.dotnet/packs/Microsoft.NETCore.App.Ref/10.0.9/ref/net10.0/System.Security.Cryptography.X509Certificates.dll /reference:/Users/phmatray/.dotnet/packs/Microsoft.NETCore.App.Ref/10.0.9/ref/net10.0/System.Security.dll /reference:/Users/phmatray/.dotnet/packs/Microsoft.NETCore.App.Ref/10.0.9/ref/net10.0/System.Security.Principal.dll /reference:/Users/phmatray/.dotnet/packs/Microsoft.NETCore.App.Ref/10.0.9/ref/net10.0/System.Security.Principal.Windows.dll /reference:/Users/phmatray/.dotnet/packs/Microsoft.NETCore.App.Ref/10.0.9/ref/net10.0/System.Security.SecureString.dll /reference:/Users/phmatray/.dotnet/packs/Microsoft.NETCore.App.Ref/10.0.9/ref/net10.0/System.ServiceModel.Web.dll /reference:/Users/phmatray/.dotnet/packs/Microsoft.NETCore.App.Ref/10.0.9/ref/net10.0/System.ServiceProcess.dll /reference:/Users/phmatray/.dotnet/packs/Microsoft.NETCore.App.Ref/10.0.9/ref/net10.0/System.Text.Encoding.CodePages.dll /reference:/Users/phmatray/.dotnet/packs/Microsoft.NETCore.App.Ref/10.0.9/ref/net10.0/System.Text.Encoding.dll /reference:/Users/phmatray/.dotnet/packs/Microsoft.NETCore.App.Ref/10.0.9/ref/net10.0/System.Text.Encoding.Extensions.dll /reference:/Users/phmatray/.dotnet/packs/Microsoft.NETCore.App.Ref/10.0.9/ref/net10.0/System.Text.Encodings.Web.dll /reference:/Users/phmatray/.dotnet/packs/Microsoft.NETCore.App.Ref/10.0.9/ref/net10.0/System.Text.Json.dll /reference:/Users/phmatray/.dotnet/packs/Microsoft.NETCore.App.Ref/10.0.9/ref/net10.0/System.Text.RegularExpressions.dll /reference:/Users/phmatray/.dotnet/packs/Microsoft.NETCore.App.Ref/10.0.9/ref/net10.0/System.Threading.AccessControl.dll /reference:/Users/phmatray/.dotnet/packs/Microsoft.NETCore.App.Ref/10.0.9/ref/net10.0/System.Threading.Channels.dll /reference:/Users/phmatray/.dotnet/packs/Microsoft.NETCore.App.Ref/10.0.9/ref/net10.0/System.Threading.dll /reference:/Users/phmatray/.dotnet/packs/Microsoft.NETCore.App.Ref/10.0.9/ref/net10.0/System.Threading.Overlapped.dll /reference:/Users/phmatray/.dotnet/packs/Microsoft.NETCore.App.Ref/10.0.9/ref/net10.0/System.Threading.Tasks.Dataflow.dll /reference:/Users/phmatray/.dotnet/packs/Microsoft.NETCore.App.Ref/10.0.9/ref/net10.0/System.Threading.Tasks.dll /reference:/Users/phmatray/.dotnet/packs/Microsoft.NETCore.App.Ref/10.0.9/ref/net10.0/System.Threading.Tasks.Extensions.dll /reference:/Users/phmatray/.dotnet/packs/Microsoft.NETCore.App.Ref/10.0.9/ref/net10.0/System.Threading.Tasks.Parallel.dll /reference:/Users/phmatray/.dotnet/packs/Microsoft.NETCore.App.Ref/10.0.9/ref/net10.0/System.Threading.Thread.dll /reference:/Users/phmatray/.dotnet/packs/Microsoft.NETCore.App.Ref/10.0.9/ref/net10.0/System.Threading.ThreadPool.dll /reference:/Users/phmatray/.dotnet/packs/Microsoft.NETCore.App.Ref/10.0.9/ref/net10.0/System.Threading.Timer.dll /reference:/Users/phmatray/.dotnet/packs/Microsoft.NETCore.App.Ref/10.0.9/ref/net10.0/System.Transactions.dll /reference:/Users/phmatray/.dotnet/packs/Microsoft.NETCore.App.Ref/10.0.9/ref/net10.0/System.Transactions.Local.dll /reference:/Users/phmatray/.dotnet/packs/Microsoft.NETCore.App.Ref/10.0.9/ref/net10.0/System.ValueTuple.dll /reference:/Users/phmatray/.dotnet/packs/Microsoft.NETCore.App.Ref/10.0.9/ref/net10.0/System.Web.dll /reference:/Users/phmatray/.dotnet/packs/Microsoft.NETCore.App.Ref/10.0.9/ref/net10.0/System.Web.HttpUtility.dll /reference:/Users/phmatray/.dotnet/packs/Microsoft.NETCore.App.Ref/10.0.9/ref/net10.0/System.Windows.dll /reference:/Users/phmatray/.dotnet/packs/Microsoft.NETCore.App.Ref/10.0.9/ref/net10.0/System.Xml.dll /reference:/Users/phmatray/.dotnet/packs/Microsoft.NETCore.App.Ref/10.0.9/ref/net10.0/System.Xml.Linq.dll /reference:/Users/phmatray/.dotnet/packs/Microsoft.NETCore.App.Ref/10.0.9/ref/net10.0/System.Xml.ReaderWriter.dll /reference:/Users/phmatray/.dotnet/packs/Microsoft.NETCore.App.Ref/10.0.9/ref/net10.0/System.Xml.Serialization.dll /reference:/Users/phmatray/.dotnet/packs/Microsoft.NETCore.App.Ref/10.0.9/ref/net10.0/System.Xml.XDocument.dll /reference:/Users/phmatray/.dotnet/packs/Microsoft.NETCore.App.Ref/10.0.9/ref/net10.0/System.Xml.XmlDocument.dll /reference:/Users/phmatray/.dotnet/packs/Microsoft.NETCore.App.Ref/10.0.9/ref/net10.0/System.Xml.XmlSerializer.dll /reference:/Users/phmatray/.dotnet/packs/Microsoft.NETCore.App.Ref/10.0.9/ref/net10.0/System.Xml.XPath.dll /reference:/Users/phmatray/.dotnet/packs/Microsoft.NETCore.App.Ref/10.0.9/ref/net10.0/System.Xml.XPath.XDocument.dll /reference:/Users/phmatray/.nuget/packages/microsoft.testplatform.testhost/18.8.1/lib/net8.0/testhost.dll /reference:/Users/phmatray/.dotnet/packs/Microsoft.NETCore.App.Ref/10.0.9/ref/net10.0/WindowsBase.dll /reference:/Users/phmatray/Repositories/Atypical-Consulting/public/x402-dotnet/src/X402.Core/obj/Debug/net10.0/ref/X402.Core.dll /reference:/Users/phmatray/.nuget/packages/xunit.v3.assert/3.2.2/lib/net8.0/xunit.v3.assert.dll /reference:/Users/phmatray/.nuget/packages/xunit.v3.common/3.2.2/lib/netstandard2.0/xunit.v3.common.dll /reference:/Users/phmatray/.nuget/packages/xunit.v3.extensibility.core/3.2.2/lib/netstandard2.0/xunit.v3.core.dll /reference:/Users/phmatray/.nuget/packages/xunit.v3.core.mtp-v1/3.2.2/lib/net8.0/xunit.v3.mtp-v1.dll /reference:/Users/phmatray/.nuget/packages/xunit.v3.runner.common/3.2.2/lib/netstandard2.0/xunit.v3.runner.common.dll /reference:/Users/phmatray/.nuget/packages/xunit.v3.runner.inproc.console/3.2.2/lib/net8.0/xunit.v3.runner.inproc.console.dll /features:"InterceptorsNamespaces=;Microsoft.Extensions.Validation.Generated" /debug+ /debug:portable /filealign:512 /optimize- /out:obj/Debug/net10.0/X402.Core.Tests.dll /refout:obj/Debug/net10.0/refint/X402.Core.Tests.dll /target:exe /warnaserror+ /utf8output /deterministic+ /sourcelink:obj/Debug/net10.0/X402.Core.Tests.sourcelink.json /langversion:latest /embed:obj/Debug/net10.0/X402.Core.Tests.GlobalUsings.g.cs /embed:"obj/Debug/net10.0/.NETCoreApp,Version=v10.0.AssemblyAttributes.cs" /embed:/Users/phmatray/Repositories/Atypical-Consulting/public/x402-dotnet/tests/X402.Core.Tests/obj/Debug/net10.0/SelfRegisteredExtensions.cs /embed:/Users/phmatray/.nuget/packages/xunit.v3.core.mtp-v1/3.2.2/buildTransitive/../_content/DefaultRunnerReporters.cs /embed:/Users/phmatray/Repositories/Atypical-Consulting/public/x402-dotnet/tests/X402.Core.Tests/obj/Debug/net10.0/XunitAutoGeneratedEntryPoint.cs /embed:obj/Debug/net10.0/X402.Core.Tests.AssemblyInfo.cs /analyzerconfig:/Users/phmatray/Repositories/Atypical-Consulting/public/x402-dotnet/.editorconfig /analyzerconfig:obj/Debug/net10.0/X402.Core.Tests.GeneratedMSBuildEditorConfig.editorconfig /analyzerconfig:/opt/homebrew/Cellar/dotnet/10.0.301/libexec/sdk/10.0.301/Sdks/Microsoft.NET.Sdk/analyzers/build/config/analysislevel_10_default.globalconfig /analyzer:/opt/homebrew/Cellar/dotnet/10.0.301/libexec/sdk/10.0.301/Sdks/Microsoft.NET.Sdk/targets/../analyzers/Microsoft.CodeAnalysis.CSharp.NetAnalyzers.dll /analyzer:/opt/homebrew/Cellar/dotnet/10.0.301/libexec/sdk/10.0.301/Sdks/Microsoft.NET.Sdk/targets/../analyzers/Microsoft.CodeAnalysis.NetAnalyzers.dll /analyzer:/opt/homebrew/Cellar/dotnet/10.0.301/libexec/sdk/10.0.301/Sdks/Microsoft.NET.Sdk/targets/../codestyle/cs/Microsoft.CodeAnalysis.CodeStyle.dll /analyzer:/opt/homebrew/Cellar/dotnet/10.0.301/libexec/sdk/10.0.301/Sdks/Microsoft.NET.Sdk/targets/../codestyle/cs/Microsoft.CodeAnalysis.CodeStyle.Fixes.dll /analyzer:/opt/homebrew/Cellar/dotnet/10.0.301/libexec/sdk/10.0.301/Sdks/Microsoft.NET.Sdk/targets/../codestyle/cs/Microsoft.CodeAnalysis.CSharp.CodeStyle.dll /analyzer:/opt/homebrew/Cellar/dotnet/10.0.301/libexec/sdk/10.0.301/Sdks/Microsoft.NET.Sdk/targets/../codestyle/cs/Microsoft.CodeAnalysis.CSharp.CodeStyle.Fixes.dll /analyzer:/Users/phmatray/.nuget/packages/microsoft.extensions.logging.abstractions/10.0.10/analyzers/dotnet/roslyn4.4/cs/Microsoft.Extensions.Logging.Generators.dll /analyzer:/Users/phmatray/.nuget/packages/xunit.analyzers/1.27.0/analyzers/dotnet/cs/xunit.analyzers.dll /analyzer:/Users/phmatray/.nuget/packages/xunit.analyzers/1.27.0/analyzers/dotnet/cs/xunit.analyzers.fixes.dll /analyzer:/Users/phmatray/.dotnet/packs/Microsoft.NETCore.App.Ref/10.0.9/analyzers/dotnet/cs/Microsoft.Interop.ComInterfaceGenerator.dll /analyzer:/Users/phmatray/.dotnet/packs/Microsoft.NETCore.App.Ref/10.0.9/analyzers/dotnet/cs/Microsoft.Interop.JavaScript.JSImportGenerator.dll /analyzer:/Users/phmatray/.dotnet/packs/Microsoft.NETCore.App.Ref/10.0.9/analyzers/dotnet/cs/Microsoft.Interop.LibraryImportGenerator.dll /analyzer:/Users/phmatray/.dotnet/packs/Microsoft.NETCore.App.Ref/10.0.9/analyzers/dotnet/cs/Microsoft.Interop.SourceGeneration.dll /analyzer:/Users/phmatray/.dotnet/packs/Microsoft.NETCore.App.Ref/10.0.9/analyzers/dotnet/cs/System.Text.Json.SourceGeneration.dll /analyzer:/Users/phmatray/.dotnet/packs/Microsoft.NETCore.App.Ref/10.0.9/analyzers/dotnet/cs/System.Text.RegularExpressions.Generator.dll Caip2NetworkTests.cs ExactEvmPayloadTests.cs KnownAssetsTests.cs PriceSetTests.cs PriceTests.cs SpecVectorRoundTripTests.cs vectors/SpecVectorSource.cs X402CodecTests.cs obj/Debug/net10.0/X402.Core.Tests.GlobalUsings.g.cs "obj/Debug/net10.0/.NETCoreApp,Version=v10.0.AssemblyAttributes.cs" /Users/phmatray/Repositories/Atypical-Consulting/public/x402-dotnet/tests/X402.Core.Tests/obj/Debug/net10.0/SelfRegisteredExtensions.cs /Users/phmatray/.nuget/packages/xunit.v3.core.mtp-v1/3.2.2/buildTransitive/../_content/DefaultRunnerReporters.cs /Users/phmatray/Repositories/Atypical-Consulting/public/x402-dotnet/tests/X402.Core.Tests/obj/Debug/net10.0/XunitAutoGeneratedEntryPoint.cs obj/Debug/net10.0/X402.Core.Tests.AssemblyInfo.cs /warnaserror+:NU1605,SYSLIB0011'
         Attempt to open named pipe 'kvBFj4VUUzLiQInJ0n6niiVUua5b9LiXb6xAlTFXrtc'
         Attempt to connect named pipe 'kvBFj4VUUzLiQInJ0n6niiVUua5b9LiXb6xAlTFXrtc'
         Named pipe 'kvBFj4VUUzLiQInJ0n6niiVUua5b9LiXb6xAlTFXrtc' connected
         Begin writing request for X402.Core.Tests (net10.0)
         End writing request for X402.Core.Tests (net10.0)
         Begin reading response for X402.Core.Tests (net10.0)
         End reading response for X402.Core.Tests (net10.0)
     1>/Users/phmatray/Repositories/Atypical-Consulting/public/x402-dotnet/tests/X402.Core.Tests/X402CodecTests.cs(72,9): error CS8604: Possible null reference argument for parameter 'actual' in 'void ShouldBeStringTestExtensions.ShouldContain(string actual, string expected, Case caseSensitivity = Case.Insensitive, string? customMessage = null)'. [/Users/phmatray/Repositories/Atypical-Consulting/public/x402-dotnet/tests/X402.Core.Tests/X402.Core.Tests.csproj]
         CompilerServer: server - server processed compilation - X402.Core.Tests (net10.0)
     1>Done Building Project "/Users/phmatray/Repositories/Atypical-Consulting/public/x402-dotnet/tests/X402.Core.Tests/X402.Core.Tests.csproj" (default targets) -- FAILED.
     1>Done Building Project "/Users/phmatray/Repositories/Atypical-Consulting/public/x402-dotnet/tests/X402.Core.Tests/X402.Core.Tests.csproj" (VSTest target(s)) -- FAILED.

Build FAILED.

       "/Users/phmatray/Repositories/Atypical-Consulting/public/x402-dotnet/tests/X402.Core.Tests/X402.Core.Tests.csproj" (VSTest target) (1:7) ->
       "/Users/phmatray/Repositories/Atypical-Consulting/public/x402-dotnet/tests/X402.Core.Tests/X402.Core.Tests.csproj" (default target) (1:8) ->
       (CoreCompile target) -> 
         /Users/phmatray/Repositories/Atypical-Consulting/public/x402-dotnet/tests/X402.Core.Tests/X402CodecTests.cs(72,9): error CS8604: Possible null reference argument for parameter 'actual' in 'void ShouldBeStringTestExtensions.ShouldContain(string actual, string expected, Case caseSensitivity = Case.Insensitive, string? customMessage = null)'. [/Users/phmatray/Repositories/Atypical-Consulting/public/x402-dotnet/tests/X402.Core.Tests/X402.Core.Tests.csproj]

    0 Warning(s)
    1 Error(s)

Time Elapsed 00:00:00.60
